
 Start         Length     Name                   Class
 0001:00000000 000CF59CH .text                   CODE
 0002:00000000 0000820CH .data                   DATA
 0002:0000820C 000048B5H .bss                    BSS


Detailed map of segments

 0001:00000000 00005BDF C=CODE     S=.text    G=(none)   M=System   ACBP=A9
 0001:00005BE0 00000140 C=CODE     S=.text    G=(none)   M=SysInit  ACBP=A9
 0001:00005D20 000000BC C=CODE     S=.text    G=(none)   M=Types    ACBP=A9
 0001:00005DDC 00001080 C=CODE     S=.text    G=(none)   M=Windows  ACBP=A9
 0001:00006E5C 00001E63 C=CODE     S=.text    G=(none)   M=ELeaks   ACBP=A9
 0001:00008CC0 00000360 C=CODE     S=.text    G=(none)   M=SysConst ACBP=A9
 0001:00009020 00007370 C=CODE     S=.text    G=(none)   M=SysUtils ACBP=A9
 0001:00010390 00000038 C=CODE     S=.text    G=(none)   M=Messages ACBP=A9
 0001:000103C8 00000823 C=CODE     S=.text    G=(none)   M=VarUtils ACBP=A9
 0001:00010BEC 000081F6 C=CODE     S=.text    G=(none)   M=Variants ACBP=A9
 0001:00018DE4 00000148 C=CODE     S=.text    G=(none)   M=RTLConsts ACBP=A9
 0001:00018F2C 0000192C C=CODE     S=.text    G=(none)   M=TypInfo  ACBP=A9
 0001:0001A858 000000A8 C=CODE     S=.text    G=(none)   M=ActiveX  ACBP=A9
 0001:0001A900 0000CFFA C=CODE     S=.text    G=(none)   M=Classes  ACBP=A9
 0001:000278FC 00000038 C=CODE     S=.text    G=(none)   M=ETypes   ACBP=A9
 0001:00027934 00002944 C=CODE     S=.text    G=(none)   M=EConsts  ACBP=A9
 0001:0002A278 00004C08 C=CODE     S=.text    G=(none)   M=ECore    ACBP=A9
 0001:0002EE80 0000470C C=CODE     S=.text    G=(none)   M=EDebug   ACBP=A9
 0001:0003358C 00000040 C=CODE     S=.text    G=(none)   M=ShellAPI ACBP=A9
 0001:000335CC 00000534 C=CODE     S=.text    G=(none)   M=EWinSock ACBP=A9
 0001:00033B00 000014FC C=CODE     S=.text    G=(none)   M=EHook    ACBP=A9
 0001:00034FFC 000000E8 C=CODE     S=.text    G=(none)   M=ELang    ACBP=A9
 0001:000350E4 00001740 C=CODE     S=.text    G=(none)   M=ESockets ACBP=A9
 0001:00036824 00007BE4 C=CODE     S=.text    G=(none)   M=EZlib2   ACBP=A9
 0001:0003E408 00000AFC C=CODE     S=.text    G=(none)   M=EHash    ACBP=A9
 0001:0003EF04 00000354 C=CODE     S=.text    G=(none)   M=EEncrypt ACBP=A9
 0001:0003F258 00000358 C=CODE     S=.text    G=(none)   M=EBase64  ACBP=A9
 0001:0003F5B0 00000154 C=CODE     S=.text    G=(none)   M=EZip     ACBP=A9
 0001:0003F704 00007CE8 C=CODE     S=.text    G=(none)   M=EWebTools ACBP=A9
 0001:000473EC 000005A8 C=CODE     S=.text    G=(none)   M=EXMLBuilder ACBP=A9
 0001:00047994 0000440C C=CODE     S=.text    G=(none)   M=ELogManager ACBP=A9
 0001:0004BDA0 00001320 C=CODE     S=.text    G=(none)   M=EListView ACBP=A9
 0001:0004D0C0 000073F8 C=CODE     S=.text    G=(none)   M=EDisAsm  ACBP=A9
 0001:000544B8 00029EC0 C=CODE     S=.text    G=(none)   M=ExceptionLog ACBP=A9
 0001:0007E378 000002C8 C=CODE     S=.text    G=(none)   M=Consts   ACBP=A9
 0001:0007E640 00008E0F C=CODE     S=.text    G=(none)   M=Graphics ACBP=A9
 0001:00087450 00000048 C=CODE     S=.text    G=(none)   M=Math     ACBP=A9
 0001:00087498 000002B8 C=CODE     S=.text    G=(none)   M=Contnrs  ACBP=A9
 0001:00087750 000005C0 C=CODE     S=.text    G=(none)   M=CommCtrl ACBP=A9
 0001:00087D10 00000787 C=CODE     S=.text    G=(none)   M=MultiMon ACBP=A9
 0001:00088498 00000038 C=CODE     S=.text    G=(none)   M=Imm      ACBP=A9
 0001:000884D0 00000FF8 C=CODE     S=.text    G=(none)   M=HelpIntfs ACBP=A9
 0001:000894C8 00000038 C=CODE     S=.text    G=(none)   M=WinSpool ACBP=A9
 0001:00089500 00000044 C=CODE     S=.text    G=(none)   M=Printers ACBP=A9
 0001:00089544 0000031F C=CODE     S=.text    G=(none)   M=FlatSB   ACBP=A9
 0001:00089864 000001A4 C=CODE     S=.text    G=(none)   M=SyncObjs ACBP=A9
 0001:00089A08 000009BB C=CODE     S=.text    G=(none)   M=UxTheme  ACBP=A9
 0001:0008A3C4 00000038 C=CODE     S=.text    G=(none)   M=RichEdit ACBP=A9
 0001:0008A3FC 00000038 C=CODE     S=.text    G=(none)   M=ToolWin  ACBP=A9
 0001:0008A434 00000038 C=CODE     S=.text    G=(none)   M=RegStr   ACBP=A9
 0001:0008A46C 00000038 C=CODE     S=.text    G=(none)   M=WinInet  ACBP=A9
 0001:0008A4A4 00000038 C=CODE     S=.text    G=(none)   M=UrlMon   ACBP=A9
 0001:0008A4DC 0000006C C=CODE     S=.text    G=(none)   M=ShlObj   ACBP=A9
 0001:0008A548 00000038 C=CODE     S=.text    G=(none)   M=CommDlg  ACBP=A9
 0001:0008A580 00000038 C=CODE     S=.text    G=(none)   M=Dlgs     ACBP=A9
 0001:0008A5B8 0000130D C=CODE     S=.text    G=(none)   M=Dialogs  ACBP=A9
 0001:0008B8C8 00002B3E C=CODE     S=.text    G=(none)   M=ExtCtrls ACBP=A9
 0001:0008E408 00000048 C=CODE     S=.text    G=(none)   M=ComStrs  ACBP=A9
 0001:0008E450 00000094 C=CODE     S=.text    G=(none)   M=Clipbrd  ACBP=A9
 0001:0008E4E4 00000038 C=CODE     S=.text    G=(none)   M=StrUtils ACBP=A9
 0001:0008E51C 000000F5 C=CODE     S=.text    G=(none)   M=Buttons  ACBP=A9
 0001:0008E614 00000038 C=CODE     S=.text    G=(none)   M=ExtDlgs  ACBP=A9
 0001:0008E64C 00000068 C=CODE     S=.text    G=(none)   M=IniFiles ACBP=A9
 0001:0008E6B4 00000068 C=CODE     S=.text    G=(none)   M=Registry ACBP=A9
 0001:0008E71C 0000006C C=CODE     S=.text    G=(none)   M=Mapi     ACBP=A9
 0001:0008E788 00000058 C=CODE     S=.text    G=(none)   M=ExtActns ACBP=A9
 0001:0008E7E0 00001C44 C=CODE     S=.text    G=(none)   M=ListActns ACBP=A9
 0001:00090424 0000A140 C=CODE     S=.text    G=(none)   M=ComCtrls ACBP=A9
 0001:0009A564 00000AF4 C=CODE     S=.text    G=(none)   M=Themes   ACBP=A9
 0001:0009B058 000051C8 C=CODE     S=.text    G=(none)   M=StdCtrls ACBP=A9
 0001:000A0220 00000168 C=CODE     S=.text    G=(none)   M=StdActns ACBP=A9
 0001:000A0388 00000D1F C=CODE     S=.text    G=(none)   M=WinHelpViewer ACBP=A9
 0001:000A10A8 0001100B C=CODE     S=.text    G=(none)   M=Controls ACBP=A9
 0001:000B20B4 00001326 C=CODE     S=.text    G=(none)   M=ActnList ACBP=A9
 0001:000B33DC 00001738 C=CODE     S=.text    G=(none)   M=ImgList  ACBP=A9
 0001:000B4B14 00006639 C=CODE     S=.text    G=(none)   M=Menus    ACBP=A9
 0001:000BB150 0000C4CC C=CODE     S=.text    G=(none)   M=Forms    ACBP=A9
 0001:000C761C 00000038 C=CODE     S=.text    G=(none)   M=MaskUtils ACBP=A9
 0001:000C7654 00000038 C=CODE     S=.text    G=(none)   M=Mask     ACBP=A9
 0001:000C768C 00000038 C=CODE     S=.text    G=(none)   M=Grids    ACBP=A9
 0001:000C76C4 00000070 C=CODE     S=.text    G=(none)   M=DateUtils ACBP=A9
 0001:000C7734 00000058 C=CODE     S=.text    G=(none)   M=DBConsts ACBP=A9
 0001:000C778C 00000E13 C=CODE     S=.text    G=(none)   M=SqlTimSt ACBP=A9
 0001:000C85A0 000035FF C=CODE     S=.text    G=(none)   M=FMTBcd   ACBP=A9
 0001:000CBBA0 00000058 C=CODE     S=.text    G=(none)   M=ComConst ACBP=A9
 0001:000CBBF8 00000E65 C=CODE     S=.text    G=(none)   M=ComObj   ACBP=A9
 0001:000CCA60 00000534 C=CODE     S=.text    G=(none)   M=DB       ACBP=A9
 0001:000CCF94 00000090 C=CODE     S=.text    G=(none)   M=VDBConsts ACBP=A9
 0001:000CD024 00000728 C=CODE     S=.text    G=(none)   M=DBLogDlg ACBP=A9
 0001:000CD74C 00000531 C=CODE     S=.text    G=(none)   M=DBPWDlg  ACBP=A9
 0001:000CDC80 00000304 C=CODE     S=.text    G=(none)   M=DBCtrls  ACBP=A9
 0001:000CDF84 00000038 C=CODE     S=.text    G=(none)   M=DBGrids  ACBP=A9
 0001:000CDFBC 00000068 C=CODE     S=.text    G=(none)   M=WinSock  ACBP=A9
 0001:000CE024 00001208 C=CODE     S=.text    G=(none)   M=Unit1    ACBP=A9
 0001:000CF22C 0000036D C=CODE     S=.text    G=(none)   M=Project1 ACBP=A9
 0002:00000000 000000A4 C=DATA     S=.data    G=DGROUP   M=System   ACBP=A9
 0002:000000A4 00000020 C=DATA     S=.data    G=DGROUP   M=SysInit  ACBP=A9
 0002:000000C4 00000014 C=DATA     S=.data    G=DGROUP   M=ELeaks   ACBP=A9
 0002:000000D8 00000254 C=DATA     S=.data    G=DGROUP   M=SysUtils ACBP=A9
 0002:0000032C 00000110 C=DATA     S=.data    G=DGROUP   M=VarUtils ACBP=A9
 0002:0000043C 0000013A C=DATA     S=.data    G=DGROUP   M=Variants ACBP=A9
 0002:00000578 0000000C C=DATA     S=.data    G=DGROUP   M=TypInfo  ACBP=A9
 0002:00000584 00000010 C=DATA     S=.data    G=DGROUP   M=ActiveX  ACBP=A9
 0002:00000594 00000080 C=DATA     S=.data    G=DGROUP   M=Classes  ACBP=A9
 0002:00000614 00000908 C=DATA     S=.data    G=DGROUP   M=EConsts  ACBP=A9
 0002:00000F1C 00000050 C=DATA     S=.data    G=DGROUP   M=ECore    ACBP=A9
 0002:00000F6C 0000004C C=DATA     S=.data    G=DGROUP   M=EDebug   ACBP=A9
 0002:00000FB8 00000001 C=DATA     S=.data    G=DGROUP   M=EWinSock ACBP=A9
 0002:00000FBC 000001A0 C=DATA     S=.data    G=DGROUP   M=EHook    ACBP=A9
 0002:0000115C 00000001 C=DATA     S=.data    G=DGROUP   M=ESockets ACBP=A9
 0002:00001160 00000E5C C=DATA     S=.data    G=DGROUP   M=EZlib2   ACBP=A9
 0002:00001FBC 00000212 C=DATA     S=.data    G=DGROUP   M=EHash    ACBP=A9
 0002:000021D0 00000144 C=DATA     S=.data    G=DGROUP   M=EBase64  ACBP=A9
 0002:00002314 000034B0 C=DATA     S=.data    G=DGROUP   M=EWebTools ACBP=A9
 0002:000057C4 00000020 C=DATA     S=.data    G=DGROUP   M=EXMLBuilder ACBP=A9
 0002:000057E4 00000024 C=DATA     S=.data    G=DGROUP   M=ELogManager ACBP=A9
 0002:00005808 000012D5 C=DATA     S=.data    G=DGROUP   M=EDisAsm  ACBP=A9
 0002:00006AE0 000005E4 C=DATA     S=.data    G=DGROUP   M=ExceptionLog ACBP=A9
 0002:000070C4 00000304 C=DATA     S=.data    G=DGROUP   M=Graphics ACBP=A9
 0002:000073C8 00000004 C=DATA     S=.data    G=DGROUP   M=Printers ACBP=A9
 0002:000073CC 00000010 C=DATA     S=.data    G=DGROUP   M=ShlObj   ACBP=A9
 0002:000073DC 000000B4 C=DATA     S=.data    G=DGROUP   M=Dialogs  ACBP=A9
 0002:00007490 0000018C C=DATA     S=.data    G=DGROUP   M=ExtCtrls ACBP=A9
 0002:0000761C 0000002C C=DATA     S=.data    G=DGROUP   M=Buttons  ACBP=A9
 0002:00007648 00000008 C=DATA     S=.data    G=DGROUP   M=IniFiles ACBP=A9
 0002:00007650 00000008 C=DATA     S=.data    G=DGROUP   M=Registry ACBP=A9
 0002:00007658 00000008 C=DATA     S=.data    G=DGROUP   M=Mapi     ACBP=A9
 0002:00007660 000000F4 C=DATA     S=.data    G=DGROUP   M=ComCtrls ACBP=A9
 0002:00007754 00000068 C=DATA     S=.data    G=DGROUP   M=Themes   ACBP=A9
 0002:000077BC 0000004C C=DATA     S=.data    G=DGROUP   M=StdCtrls ACBP=A9
 0002:00007808 0000013C C=DATA     S=.data    G=DGROUP   M=Controls ACBP=A9
 0002:00007944 00000020 C=DATA     S=.data    G=DGROUP   M=ImgList  ACBP=A9
 0002:00007964 000000EC C=DATA     S=.data    G=DGROUP   M=Menus    ACBP=A9
 0002:00007A50 0000011C C=DATA     S=.data    G=DGROUP   M=Forms    ACBP=A9
 0002:00007B6C 0000003C C=DATA     S=.data    G=DGROUP   M=SqlTimSt ACBP=A9
 0002:00007BA8 0000003A C=DATA     S=.data    G=DGROUP   M=FMTBcd   ACBP=A9
 0002:00007BE4 00000030 C=DATA     S=.data    G=DGROUP   M=ComObj   ACBP=A9
 0002:00007C14 00000098 C=DATA     S=.data    G=DGROUP   M=DB       ACBP=A9
 0002:00007CAC 00000028 C=DATA     S=.data    G=DGROUP   M=DBCtrls  ACBP=A9
 0002:00009000 00000664 C=BSS      S=.bss     G=DGROUP   M=System   ACBP=A9
 0002:00009664 00000010 C=BSS      S=.bss     G=DGROUP   M=SysInit  ACBP=A9
 0002:00009674 00000004 C=BSS      S=.bss     G=DGROUP   M=Types    ACBP=A9
 0002:00009678 00000004 C=BSS      S=.bss     G=DGROUP   M=Windows  ACBP=A9
 0002:0000967C 00000054 C=BSS      S=.bss     G=DGROUP   M=ELeaks   ACBP=A9
 0002:000096D0 00000004 C=BSS      S=.bss     G=DGROUP   M=SysConst ACBP=A9
 0002:000096D4 00000120 C=BSS      S=.bss     G=DGROUP   M=SysUtils ACBP=A9
 0002:000097F4 00000004 C=BSS      S=.bss     G=DGROUP   M=Messages ACBP=A9
 0002:000097F8 0000005C C=BSS      S=.bss     G=DGROUP   M=VarUtils ACBP=A9
 0002:00009854 00000040 C=BSS      S=.bss     G=DGROUP   M=Variants ACBP=A9
 0002:00009894 00000004 C=BSS      S=.bss     G=DGROUP   M=RTLConsts ACBP=A9
 0002:00009898 00000004 C=BSS      S=.bss     G=DGROUP   M=TypInfo  ACBP=A9
 0002:0000989C 00000004 C=BSS      S=.bss     G=DGROUP   M=ActiveX  ACBP=A9
 0002:000098A0 00000044 C=BSS      S=.bss     G=DGROUP   M=Classes  ACBP=A9
 0002:000098E4 00000004 C=BSS      S=.bss     G=DGROUP   M=ETypes   ACBP=A9
 0002:000098E8 00000004 C=BSS      S=.bss     G=DGROUP   M=EConsts  ACBP=A9
 0002:000098EC 00000009 C=BSS      S=.bss     G=DGROUP   M=ECore    ACBP=A9
 0002:000098F8 00000004 C=BSS      S=.bss     G=DGROUP   M=EDebug   ACBP=A9
 0002:000098FC 00000004 C=BSS      S=.bss     G=DGROUP   M=ShellAPI ACBP=A9
 0002:00009900 00000010 C=BSS      S=.bss     G=DGROUP   M=EWinSock ACBP=A9
 0002:00009910 00000010 C=BSS      S=.bss     G=DGROUP   M=EHook    ACBP=A9
 0002:00009920 00000004 C=BSS      S=.bss     G=DGROUP   M=ELang    ACBP=A9
 0002:00009924 00000004 C=BSS      S=.bss     G=DGROUP   M=ESockets ACBP=A9
 0002:00009928 00002894 C=BSS      S=.bss     G=DGROUP   M=EZlib2   ACBP=A9
 0002:0000C1BC 00000404 C=BSS      S=.bss     G=DGROUP   M=EHash    ACBP=A9
 0002:0000C5C0 0000001C C=BSS      S=.bss     G=DGROUP   M=EEncrypt ACBP=A9
 0002:0000C5DC 00000004 C=BSS      S=.bss     G=DGROUP   M=EBase64  ACBP=A9
 0002:0000C5E0 00000004 C=BSS      S=.bss     G=DGROUP   M=EZip     ACBP=A9
 0002:0000C5E4 00000048 C=BSS      S=.bss     G=DGROUP   M=EWebTools ACBP=A9
 0002:0000C62C 00000004 C=BSS      S=.bss     G=DGROUP   M=EXMLBuilder ACBP=A9
 0002:0000C630 00000004 C=BSS      S=.bss     G=DGROUP   M=ELogManager ACBP=A9
 0002:0000C634 00000004 C=BSS      S=.bss     G=DGROUP   M=EListView ACBP=A9
 0002:0000C638 00000004 C=BSS      S=.bss     G=DGROUP   M=EDisAsm  ACBP=A9
 0002:0000C63C 00000E84 C=BSS      S=.bss     G=DGROUP   M=ExceptionLog ACBP=A9
 0002:0000D4C0 00000004 C=BSS      S=.bss     G=DGROUP   M=Consts   ACBP=A9
 0002:0000D4C4 00000060 C=BSS      S=.bss     G=DGROUP   M=Graphics ACBP=A9
 0002:0000D524 00000004 C=BSS      S=.bss     G=DGROUP   M=Math     ACBP=A9
 0002:0000D528 00000004 C=BSS      S=.bss     G=DGROUP   M=Contnrs  ACBP=A9
 0002:0000D52C 0000000C C=BSS      S=.bss     G=DGROUP   M=CommCtrl ACBP=A9
 0002:0000D538 00000031 C=BSS      S=.bss     G=DGROUP   M=MultiMon ACBP=A9
 0002:0000D56C 00000004 C=BSS      S=.bss     G=DGROUP   M=Imm      ACBP=A9
 0002:0000D570 00000008 C=BSS      S=.bss     G=DGROUP   M=HelpIntfs ACBP=A9
 0002:0000D578 00000004 C=BSS      S=.bss     G=DGROUP   M=WinSpool ACBP=A9
 0002:0000D57C 00000004 C=BSS      S=.bss     G=DGROUP   M=Printers ACBP=A9
 0002:0000D580 00000034 C=BSS      S=.bss     G=DGROUP   M=FlatSB   ACBP=A9
 0002:0000D5B4 00000004 C=BSS      S=.bss     G=DGROUP   M=SyncObjs ACBP=A9
 0002:0000D5B8 000000CC C=BSS      S=.bss     G=DGROUP   M=UxTheme  ACBP=A9
 0002:0000D684 00000004 C=BSS      S=.bss     G=DGROUP   M=RichEdit ACBP=A9
 0002:0000D688 00000004 C=BSS      S=.bss     G=DGROUP   M=ToolWin  ACBP=A9
 0002:0000D68C 00000004 C=BSS      S=.bss     G=DGROUP   M=RegStr   ACBP=A9
 0002:0000D690 00000004 C=BSS      S=.bss     G=DGROUP   M=WinInet  ACBP=A9
 0002:0000D694 00000004 C=BSS      S=.bss     G=DGROUP   M=UrlMon   ACBP=A9
 0002:0000D698 00000004 C=BSS      S=.bss     G=DGROUP   M=ShlObj   ACBP=A9
 0002:0000D69C 00000004 C=BSS      S=.bss     G=DGROUP   M=CommDlg  ACBP=A9
 0002:0000D6A0 00000004 C=BSS      S=.bss     G=DGROUP   M=Dlgs     ACBP=A9
 0002:0000D6A4 00000038 C=BSS      S=.bss     G=DGROUP   M=Dialogs  ACBP=A9
 0002:0000D6DC 00000004 C=BSS      S=.bss     G=DGROUP   M=ExtCtrls ACBP=A9
 0002:0000D6E0 00000004 C=BSS      S=.bss     G=DGROUP   M=ComStrs  ACBP=A9
 0002:0000D6E4 0000000C C=BSS      S=.bss     G=DGROUP   M=Clipbrd  ACBP=A9
 0002:0000D6F0 00000004 C=BSS      S=.bss     G=DGROUP   M=StrUtils ACBP=A9
 0002:0000D6F4 00000030 C=BSS      S=.bss     G=DGROUP   M=Buttons  ACBP=A9
 0002:0000D724 00000004 C=BSS      S=.bss     G=DGROUP   M=ExtDlgs  ACBP=A9
 0002:0000D728 00000004 C=BSS      S=.bss     G=DGROUP   M=IniFiles ACBP=A9
 0002:0000D72C 00000004 C=BSS      S=.bss     G=DGROUP   M=Registry ACBP=A9
 0002:0000D730 00000004 C=BSS      S=.bss     G=DGROUP   M=Mapi     ACBP=A9
 0002:0000D734 00000009 C=BSS      S=.bss     G=DGROUP   M=ExtActns ACBP=A9
 0002:0000D740 00000004 C=BSS      S=.bss     G=DGROUP   M=ListActns ACBP=A9
 0002:0000D744 00000015 C=BSS      S=.bss     G=DGROUP   M=ComCtrls ACBP=A9
 0002:0000D75C 00000008 C=BSS      S=.bss     G=DGROUP   M=Themes   ACBP=A9
 0002:0000D764 00000004 C=BSS      S=.bss     G=DGROUP   M=StdCtrls ACBP=A9
 0002:0000D768 00000004 C=BSS      S=.bss     G=DGROUP   M=StdActns ACBP=A9
 0002:0000D76C 00000014 C=BSS      S=.bss     G=DGROUP   M=WinHelpViewer ACBP=A9
 0002:0000D780 00000080 C=BSS      S=.bss     G=DGROUP   M=Controls ACBP=A9
 0002:0000D800 00000004 C=BSS      S=.bss     G=DGROUP   M=ActnList ACBP=A9
 0002:0000D804 0000000C C=BSS      S=.bss     G=DGROUP   M=ImgList  ACBP=A9
 0002:0000D810 00000010 C=BSS      S=.bss     G=DGROUP   M=Menus    ACBP=A9
 0002:0000D820 00000020 C=BSS      S=.bss     G=DGROUP   M=Forms    ACBP=A9
 0002:0000D840 00000004 C=BSS      S=.bss     G=DGROUP   M=MaskUtils ACBP=A9
 0002:0000D844 00000004 C=BSS      S=.bss     G=DGROUP   M=Mask     ACBP=A9
 0002:0000D848 00000004 C=BSS      S=.bss     G=DGROUP   M=Grids    ACBP=A9
 0002:0000D84C 00000004 C=BSS      S=.bss     G=DGROUP   M=DateUtils ACBP=A9
 0002:0000D850 00000004 C=BSS      S=.bss     G=DGROUP   M=DBConsts ACBP=A9
 0002:0000D854 00000004 C=BSS      S=.bss     G=DGROUP   M=SqlTimSt ACBP=A9
 0002:0000D858 00000004 C=BSS      S=.bss     G=DGROUP   M=FMTBcd   ACBP=A9
 0002:0000D85C 00000004 C=BSS      S=.bss     G=DGROUP   M=ComConst ACBP=A9
 0002:0000D860 00000011 C=BSS      S=.bss     G=DGROUP   M=ComObj   ACBP=A9
 0002:0000D874 00000020 C=BSS      S=.bss     G=DGROUP   M=DB       ACBP=A9
 0002:0000D894 00000004 C=BSS      S=.bss     G=DGROUP   M=VDBConsts ACBP=A9
 0002:0000D898 00000004 C=BSS      S=.bss     G=DGROUP   M=DBLogDlg ACBP=A9
 0002:0000D89C 00000004 C=BSS      S=.bss     G=DGROUP   M=DBPWDlg  ACBP=A9
 0002:0000D8A0 00000004 C=BSS      S=.bss     G=DGROUP   M=DBCtrls  ACBP=A9
 0002:0000D8A4 00000004 C=BSS      S=.bss     G=DGROUP   M=DBGrids  ACBP=A9
 0002:0000D8A8 00000004 C=BSS      S=.bss     G=DGROUP   M=WinSock  ACBP=A9
 0002:0000D8AC 00000008 C=BSS      S=.bss     G=DGROUP   M=Unit1    ACBP=A9


  Address         Publics by Name

 0002:0000B930       ..
 0002:000012B4       ..
 0002:000011F0       ..
 0002:00001264       ..
 0002:00001188       ..
 0002:00001424       ..
 0002:00001210       ..
 0002:00009930       ..
 0001:00038A5C       ..
 0002:000011F8       ..
 0002:000011E4       ..
 0001:0003713C       ..
 0001:00038B24       ..
 0002:00001550       ..
 0001:00038650       ..
 0001:0003C58C       ..
 0002:000098F8       .03
 0002:0000D4C0       .1
 0002:0000D694       .1
 0002:0000D698       .1
 0002:0000D6E0       .1
 0002:0000D69C       .1
 0002:0000D6A0       .1
 0002:0000D85C       .1
 0002:0000C1BC       .1
 0002:0000C5C0       .1
 0002:000098E4       .1
 0002:0000D774       .1
 0002:0000C5DC       .1
 0002:0000D854       .1
 0002:000097F4       .1
 0002:0000D84C       .1
 0002:0000D850       .1
 0002:0000D558       .1
 0002:0000D52C       .1
 0002:0000D8A8       .1
 0002:0000D690       .1
 0002:0000D56C       .1
 0002:0000D68C       .1
 0002:000096D0       .1
 0002:00009920       .1
 0002:0000D894       .1
 0002:0000D5A0       .1
 0002:00009674       .1
 0002:00009694       .1
 0002:0000D6F0       .1
 0002:00009910       .1
 0002:0000D684       .1
 0002:000098FC       .1
 0002:00009894       .1
 0002:0000966C       .1
 0002:0000D674       .1
 0002:0000D730       .1
 0002:0000D848       .11
 0002:0000D6A4       .11
 0002:0000D6DC       .12
 0002:0000D4C8       .12
 0002:0000D75C       .2
 0002:0000D570       .2
 0002:00009928       .2
 0002:0000D524       .2
 0002:0000D898       .2
 0002:0000D89C       .2
 0002:0000C638       .2
 0002:0000D840       .2
 0002:0000C634       .2
 0002:0000D6E8       .2
 0002:0000D528       .21
 0002:0000C660       .21
 0002:0000D8A0       .22
 0002:0000D858       .3
 0002:0000C630       .3
 0002:0000C5E0       .3
 0002:00009924       .3
 0002:0000D57C       .3
 0002:0000D724       .3
 0002:00009678       .3
 0002:0000D804       .3
 0002:0000C62C       .3
 0002:0000D578       .3
 0002:0000989C       .3
 0002:000097E4       .35
 0002:0000D890       .36
 0002:0000D744       .36
 0002:0000D688       .4
 0002:0000D6F4       .4
 0002:000098F0       .4
 0002:00009900       .4
 0002:0000D8B0       .4
 0002:0000D860       .41
 0002:0000D828       .41
 0002:0000D764       .42
 0002:000098AC       .45
 0002:0000D72C       .5
 0002:00009850       .5
 0002:000098E8       .5
 0002:0000D844       .5
 0002:000095BC       .5
 0002:0000D5B4       .6
 0002:00009898       .6
 0002:0000C5E4       .7
 0002:0000D734       .72
 0002:0000D788       .72
 0002:0000D768       .73
 0002:0000D728       .8
 0002:0000D740       .8
 0002:0000D800       .8
 0002:00009874       .81
 0002:0000D8A4       .9
 0002:0000D818       .9
 0001:00001D34       @AbstractError
 0001:000044C4       @AddRefArray
 0001:0000447C       @AddRefRecord
 0001:00002D30       @AfterConstruction
 0001:00002B24       @AsClass
 0001:000037C8       @Assert
 0001:000021A0       @AStrCmp
 0001:00002D40       @BeforeDestruction
 0001:000028B4       @BoundErr
 0001:00002B70       @CallDynaInst
 0001:0000561C       @CheckAutoResult
 0001:00002CD8       @ClassCreate
 0001:00002D28       @ClassDestroy
 0001:0000206C       @Close
 0001:000019A4       @Copy
 0001:000046B8       @CopyArray
 0001:0000459C       @CopyRecord
 0001:000394D0       @deflateInit2_
 0001:00004824       @DispCallByIDError
 0001:00011940       @DispInvokeError
 0001:000047C0       @Dispose
 0001:00003280       @DoneExcept
 0001:00004EB8       @DynArrayAddRef
 0001:00004E90       @DynArrayAsg
 0001:00004E54       @DynArrayClear
 0001:00004D40       @DynArrayCopy
 0001:00004D60       @DynArrayCopyRange
 0001:00004B80       @DynArrayHigh
 0001:00004B78       @DynArrayLength
 0001:00004D34       @DynArraySetLength
 0001:00003368       @ExceptionHandler
 0001:00002210       @FillChar
 0001:0003871C       @fill_fopen_filefunc
 0001:00004470       @Finalize
 0001:00004384       @FinalizeArray
 0001:00004338       @FinalizeRecord
 0001:00002B88       @FindDynaInst
 0001:00002060       @Flush
 0001:000028A8       @FpuInit
 0001:000027E4       @FpuMaskInit
 0001:000017DC       @FreeMem
 0001:000017BC       @GetMem
 0001:00005C58       @GetTls
 0001:00038C54       @get_crc_table
 0001:000037B0       @Halt
 0001:000036D8       @Halt0
 0001:00002E54       @HandleAnyException
 0001:00003140       @HandleAutoException
 0001:00003108       @HandleFinally
 0001:00002F80       @HandleOnException
 0001:0003ABC4       @inflateInit2_
 0001:0003A60C       @inflate_fast
 0001:0003C11C       @inflate_table
 0001:00005CA4       @InitExe
 0001:0000432C       @Initialize
 0001:00004298       @InitializeArray
 0001:00004268       @InitializeRecord
 0001:0000359C       @InitImports
 0001:00003574       @InitResStringImports
 0001:00003550       @InitResStrings
 0001:00001A60       @Insert
 0001:00005580       @IntfAddRef
 0001:00005550       @IntfCast
 0001:0000550C       @IntfClear
 0001:00005524       @IntfCopy
 0001:00002B00       @IsClass
 0001:000027B4       @isNECWindows
 0001:000019E8       @LGetDir
 0001:00003D38       @LStrAddRef
 0001:00003890       @LStrArrayClr
 0001:000038C0       @LStrAsg
 0001:00003B50       @LStrCat
 0001:00003B94       @LStrCat3
 0001:00003C08       @LStrCatN
 0001:0000386C       @LStrClr
 0001:00003C94       @LStrCmp
 0001:00003DA8       @LStrCopy
 0001:00003DE8       @LStrDelete
 0001:00003ADC       @LStrFromArray
 0001:00003A54       @LStrFromChar
 0001:00003A64       @LStrFromPChar
 0001:0000395C       @LStrFromPCharLen
 0001:00003A94       @LStrFromPWChar
 0001:000039C8       @LStrFromPWCharLen
 0001:00003AD0       @LStrFromString
 0001:00003AF4       @LStrFromWArray
 0001:00003B10       @LStrFromWStr
 0001:00003E30       @LStrInsert
 0001:00003904       @LStrLAsg
 0001:00003B48       @LStrLen
 0001:00003F38       @LStrOfChar
 0001:00003E8C       @LStrPos
 0001:00003ED4       @LStrSetLength
 0001:00003D48       @LStrToPChar
 0001:00003B24       @LStrToString
 0001:000047AC       @New
 0001:00003930       @NewAnsiString
 0001:00003F94       @NewWideString
 0001:00001C74       @Pos
 0001:000024C8       @Pow10
 0001:0000211C       @PStrCmp
 0001:000020F4       @PStrCpy
 0001:000020C4       @PStrNCat
 0001:00002100       @PStrNCpy
 0001:0000322C       @RaiseAgain
 0001:00003204       @RaiseExcept
 0001:00002230       @RandInt
 0001:000017FC       @ReallocMem
 0001:00001DA8       @RewritText
 0001:00001D04       @ROUND
 0001:000037BC       @RunError
 0001:000024AC       @SetEq
 0001:00001CB4       @SetLength
 0001:00003510       @StartExe
 0001:00000384       @strlen
 0001:00001D10       @TRUNC
 0001:000032B0       @TryFinallyExit
 0001:00003DA0       @UniqueStringA
 0001:00004948       @ValInt64
 0001:0000224C       @ValLong
 0001:000044AC       @VarAddRef
 0001:00016CB4       @VarAddRef
 0001:00017410       @VarArrayGet
 0001:00017500       @VarArrayPut
 0001:00012498       @VarCast
 0001:00011C2C       @VarClear
 0001:00011C40       @VarClr
 0001:0000436C       @VarClr
 0001:00018CB0       @VarCmpEQ
 0001:00011F54       @VarCopy
 0001:00004584       @VarCopy
 0001:000121D4       @VarCopyNoInd
 0001:00016204       @VarFromBool
 0001:00016090       @VarFromByte
 0001:00016254       @VarFromCurr
 0001:000161AC       @VarFromCurrency
 0001:000161D8       @VarFromDate
 0001:00016348       @VarFromDisp
 0001:00016180       @VarFromDouble
 0001:00016034       @VarFromInt
 0001:00016130       @VarFromInt64
 0001:00016070       @VarFromInteger
 0001:0001631C       @VarFromIntf
 0001:000160D0       @VarFromLongWord
 0001:00016268       @VarFromLStr
 0001:00016294       @VarFromPStr
 0001:0001622C       @VarFromReal
 0001:000160F0       @VarFromShortInt
 0001:0001615C       @VarFromSingle
 0001:00016110       @VarFromSmallInt
 0001:00016240       @VarFromTDateTime
 0001:000160B0       @VarFromWord
 0001:000162E4       @VarFromWStr
 0001:00011994       @VarNull
 0001:000121E8       @VarStringToOleStr
 0001:00013C64       @VarToBool
 0001:0001391C       @VarToBoolean
 0001:00012D5C       @VarToByte
 0001:00014B08       @VarToCurrency
 0001:000145A0       @VarToDate
 0001:00015F88       @VarToDisp
 0001:00013E30       @VarToDouble
 0001:00013320       @VarToInt64
 0001:0001285C       @VarToInteger
 0001:00015EBC       @VarToIntf
 0001:00012FD4       @VarToLongWord
 0001:000151BC       @VarToLStr
 0001:000141AC       @VarToReal
 0001:00012CAC       @VarToShortInt
 0001:000141C8       @VarToSingle
 0001:00012E04       @VarToSmallInt
 0001:00012EFC       @VarToWord
 0001:000158E4       @VarToWStr
 0001:00003F64       @Write0LString
 0001:00002364       @WriteBytes
 0001:00002434       @WriteLn
 0001:00003F6C       @WriteLString
 0001:000023B8       @WriteSpaces
 0001:00004248       @WStrAddRef
 0001:00003FD4       @WStrArrayClr
 0001:00003FF8       @WStrAsg
 0001:00003FBC       @WStrClr
 0001:00004134       @WStrCmp
 0001:000041B8       @WStrCopy
 0001:00004108       @WStrFromLStr
 0001:0000401C       @WStrFromPCharLen
 0001:000040CC       @WStrFromPWChar
 0001:000040A8       @WStrFromPWCharLen
 0001:00004128       @WStrLen
 0001:00004204       @WStrSetLength
 0001:00004118       @WStrToPWChar
 0001:00002488       @_CLenToPasStr
 0001:0000247C       @_CToPasStr
 0001:00001974       @_IOTest
 0001:00004850       @_lldiv
 0001:000048CC       @_llmod
 0001:0000482C       @_llmul
 0001:0003D78C       @_tr_align
 0001:0003DA58       @_tr_flush_block
 0001:0003C590       @_tr_init
 0001:0003D6D0       @_tr_stored_block
 0001:0000E1E0       Abort
 0002:0000C791       AbortOperation
 0001:000A3FF8       AbsMin
 0001:0000E5AC       AbstractErrorHandler
 0002:0000902C       AbstractErrorProc
 0002:0000015C       AccessMode
 0001:0006FC74       AccessViolationModuleInLongFormat
 0001:000018C4       AcquireExceptionObject
 0001:00066878       ActicatePage
 0001:0001CF98       ActivateClassGroup
 0002:0000C7D8       ActivateEurekaLog
 0001:000065B8       ActivateKeyboardLayout
 0002:0000D7BC       ActiveDrag
 0001:0001A8F8       ActiveX
 0001:000B33B0       ActnList
 0001:00041074       AddAuthenticationToURL
 0001:000004C8       AddBlockAfter
 0001:000764B8       AddCallerCallStack
 0001:000C958C       AddChars
 0001:0006A7B0       AddColor
 0001:0006221C       AddCustomHeadersToLog
 0001:000620C0       AddCustomHeaderToLog
 0002:00000594       AddDataModule
 0001:000CB710       AddDigit
 0001:00035F0C       AddDNS
 0001:00009CE4       AddExitProc
 0001:00020E88       AddFinished
 0001:000B6748       AddIn
 0002:00009690       AddLeak
 0001:00060DF0       AddModule
 0001:00060CB8       AddModuleFromFileName
 0001:000053B0       AddModuleUnloadProc
 0001:000053A0       AddModuleUnloadProc
 0001:0005A780       AddNewProcess
 0001:0005AB40       AddNewProcessEx
 0001:000CAC78       AddNormalizedFractions
 0001:00020EC0       AddNotFinished
 0001:000CB6F4       AddOneChar
 0001:000340C8       AddrSize
 0001:0006EF7C       AddStr
 0001:000C9648       AddStrings
 0001:000218E4       AddSubComponentsToLoaded
 0001:00025E84       AddThread
 0001:00060E90       AddToStack
 0001:00049214       AddValueField
 0001:00036F54       AddZipFile
 0002:00007B98       AdjustAmt
 0002:00007B90       AdjustAmt
 0002:00007B88       AdjustAmt
 0002:00007BA0       AdjustAmt
 0001:00082118       AdjustColor
 0001:0008DC54       AdjustColors
 0001:000CA0A4       AdjustDecimalPosition
 0001:000667C8       AdjustDialog
 0001:00063BF0       AdjustFlatStyle
 0001:000BD774       Adjustment
 0001:000CAFD0       AdjustNibbles
 0001:000065C0       AdjustWindowRectEx
 0001:00038754       adler32
 0001:0005C700       Advance
 0001:0006B350       AfterScreenshot
 0001:0006B094       AfterScreenshotToStream
 0002:00007498       Alignments
 0002:00007A28       Alignments
 0002:00007A38       Alignments
 0002:000077C4       Alignments
 0001:000A9664       AlignWork
 0001:000C466C       AlignWork
 0002:000096AC       AllocatedList_End
 0002:000096A4       AllocatedList_Lock
 0002:000096A8       AllocatedList_Start
 0001:000276DC       AllocateHWnd
 0001:00009C98       AllocMem
 0001:00054980       AllocMemAlign
 0002:000095B4       AllocMemCount
 0002:000095B8       AllocMemSize
 0001:00087248       AllocPatternBitmap
 0001:00005C00       AllocTlsBuffer
 0002:000057A4       AlphaNumerics
 0001:0002466C       AncestorIsValid
 0002:00007814       AnchorAlign
 0002:00007808       AnimateWindowProc
 0002:00007910       AnimationStyle
 0001:0000EEEC       AnsiCompareFileName
 0001:00009EC4       AnsiCompareStr
 0001:00009EFC       AnsiCompareText
 0001:0000A6C0       AnsiLastChar
 0001:000065C8       AnsiLower
 0001:00009E90       AnsiLowerCase
 0001:0000EF6C       AnsiLowerCaseFileName
 0001:0000EEB4       AnsiPos
 0001:000BAF5C       AnsiSameCaption
 0001:00009F34       AnsiSameText
 0001:00009F4C       AnsiStrLIComp
 0001:0000EFF8       AnsiStrPos
 0001:0000F098       AnsiStrRScan
 0001:0000F0C0       AnsiStrScan
 0001:0000599C       AnsiToUtf8
 0001:00009E5C       AnsiUpperCase
 0001:00015E44       AnyToIntf
 0001:0000C4BC       AppendChars
 0001:0000C880       AppendFormat
 0001:0000C520       AppendNumber
 0001:0000C500       AppendString
 0002:0000D820       Application
 0002:000005A4       ApplicationHandleException
 0001:000615FC       ApplicationRestore
 0002:000005AC       ApplicationShowException
 0002:00007B64       AppVisible
 0001:000078B8       AreTheSameLeak
 0002:000076A8       Arrangements
 0001:0005FB98       ASMAssigned
 0002:0000105C       AsmConst
 0001:0006FA44       ASPDotNetWebSiteFile
 0001:000651FC       AssemblerDialogProc
 0001:00056034       AssemblerToRTF
 0001:0000E590       AssertErrorHandler
 0002:00009024       AssertErrorProc
 0001:00019F20       AssignLongStr
 0001:00068C4C       AssignOnCloseData
 0001:00062AF8       AssignPriority
 0001:00033424       AssignValidDebugInfo
 0001:0001A59C       AssignVariant
 0001:0006C1E0       AttachedFile
 0001:0006C478       AttachedFiles
 0002:0000C654       AttachedFilesRequest
 0001:000720BC       AttrToString
 0002:000076B0       AutoArrange
 0002:0000C7DC       AutoCloseTimer
 0001:00061F94       AutoCloseTimerProc
 0002:0000960C       avail
 0001:0000ABA8       BackfillGetDiskFreeSpaceEx
 0001:000A6B8C       BackgroundClipped
 0001:00010660       BackupVarBoolFromStr
 0001:000107C0       BackupVarBStrFromBool
 0001:000106E0       BackupVarBStrFromCy
 0001:00010750       BackupVarBStrFromDate
 0001:000105F4       BackupVarCyFromStr
 0001:00010588       BackupVarDateFromStr
 0001:00010444       BackupVarI4FromStr
 0001:000103F0       BackupVariantChangeTypeEx
 0001:000104B0       BackupVarR4FromStr
 0001:0001051C       BackupVarR8FromStr
 0001:0003F3E0       Base64Decode
 0001:0003F4DC       Base64DecodeStr
 0001:0003F540       Base64DecodeString
 0001:0003F2C4       Base64Encode
 0001:0006BD8C       Base64EncodeFromFile
 0001:0003F494       Base64EncodeStr
 0001:0003F538       Base64EncodeString
 0001:0003F548       Base64EncodeToString
 0002:00002210       Base64Filler
 0002:00000454       BaseTypeMap
 0001:000CB5A4       BcdAdd
 0001:000CB180       BcdCompare
 0001:000CB538       BcdDivide
 0001:000CB3E8       BcdDivide
 0001:000C88C0       BcdError
 0001:000C8850       BcdErrorFmt
 0001:000CB284       BcdMultiply
 0001:000CB37C       BcdMultiply
 0001:000CBA18       BcdScale
 0001:000CB248       BcdSubtract
 0001:000CBAB0       BCDToCurr
 0001:000C9160       BcdToDouble
 0001:000CB8D4       BcdToStr
 0001:0000EB84       Beep
 0001:0001D36C       BeginGlobalLoading
 0001:000065D0       BeginPaint
 0001:00003820       BeginThread
 0001:00082124       BetterSize
 0001:0008D544       BevelLine
 0001:0008D454       BevelRect
 0001:000B75BC       BiDiDraw
 0001:0002CFDC       BinToStr
 0001:00006348       BitBlt
 0002:0000761C       BitBtnCaptions
 0002:0000D6F8       BitBtnGlyphs
 0002:0000737C       BitmapCanvasList
 0002:0000D4E0       BitmapImageLock
 0001:0001042C       BiUnimplemented
 0001:000C9F40       BlankArgument
 0002:000005E8       BlockCode
 0002:000095E4       blockDescBlockList
 0002:000095E8       blockDescFreeList
 0001:0006EB0C       BlockingSendInternetMessage
 0002:000000C8       BlockOverFoot
 0002:000000C4       BlockOverHead
 0002:00000F44       BOMBigEndian
 0002:00000F40       BOMUnicode
 0002:00000F48       BOMUTF8
 0002:00000578       BooleanIdents
 0002:00000450       BooleanToStringRule
 0001:0000A3D4       BoolToStr
 0001:00014F44       BoolToWStrViaOS
 0002:00007688       BorderStyles
 0002:00007490       BorderStyles
 0002:000077BC       BorderStyles
 0001:0001C294       Bounds
 0001:00005D5C       Bounds
 0002:000079D0       Breaks
 0002:0000D518       BrushManager
 0002:00007CAC       BtnHintId
 0001:000B9D70       BuildImage
 0001:0005ADD0       BuildListPS
 0001:0005AC98       BuildListTH
 0002:00007438       ButtonCaptions
 0002:0000740C       ButtonNames
 0002:00007A4C       Buttons
 0001:0008E5EC       Buttons
 0002:00007800       ButtonStyles
 0002:0000D6B0       ButtonWidths
 0002:00006AC8       ByteRegs1
 0002:00006ACC       ByteRegs2
 0001:00081904       BytesPerScanline
 0001:0006A918       BytesPerScanline
 0001:0006A35C       BytesSwap
 0001:00081C5C       ByteSwapColors
 0001:0000EC68       ByteToCharIndex
 0001:0000EC40       ByteToCharLen
 0001:0000EC04       ByteType
 0001:0000EB8C       ByteTypeTest
 0002:0000D808       CachedComCtrlVer
 0002:0000C9D4       Cached_LogFile
 0001:0007A870       CalcAddr
 0001:0006A38C       CalcCRC
 0001:0003F284       CalcDecodedSize
 0001:0005DD98       CalcDuplicatedException
 0001:0003F258       CalcEncodedSize
 0001:00027618       CalcJmpOffset
 0001:000B1388       CalcSplitterPos
 0001:00034420       CalculateRelocatedAsmSize
 0001:0005EDAC       CallAttachedFilesRequest
 0001:0005EE1C       CallAttachedFilesRequestEvents
 0001:0005EF50       CallCustomButtonClickEvent
 0001:0005EFBC       CallCustomButtonClickEvents
 0001:0005ECDC       CallCustomDataRequest
 0001:0005ED4C       CallCustomDataRequestEvents
 0001:0005EE80       CallCustomWebFieldsRequest
 0001:0005EEF0       CallCustomWebFieldsRequestEvents
 0001:00006F10       CallerOfReallocMem
 0001:0005E9E0       CallExceptionActionNotify
 0001:000729B8       CallExceptionActionNotify_atSavedLogFile
 0001:00072994       CallExceptionActionNotify_atSavingLogFile
 0001:0006D900       CallExceptionActionNotify_atSendingEmail
 0001:0006D948       CallExceptionActionNotify_atSendingWebMessage
 0001:0006D924       CallExceptionActionNotify_atSentEmail
 0001:0006D96C       CallExceptionActionNotify_atSentWebMessage
 0001:00072D34       CallExceptionActionNotify_atShowedExceptionInfo
 0001:00072D10       CallExceptionActionNotify_atShowingExceptionInfo
 0001:00069C54       CallExceptionActionNotify_atTerminating
 0001:0005EB54       CallExceptionErrorNotify
 0001:000729DC       CallExceptionErrorNotify_atSavedLogFile
 0001:0006D990       CallExceptionErrorNotify_atSentEmail
 0001:0006D9B4       CallExceptionErrorNotify_atSentWebMessage
 0001:0005E7E8       CallExceptionNotify
 0001:0005E854       CallExceptionNotifyEvents
 0002:00006AE8       CallForGetLogText
 0002:00006AE4       CallFromCOMObject
 0001:0005E8B8       CallHandledExceptionNotify
 0001:0005E924       CallHandledExceptionNotifyEvents
 0001:0005ED58       CallModuleEvent_AttachedFilesRequest
 0001:0005EEFC       CallModuleEvent_CustomButtonClickNotify
 0001:0005EC88       CallModuleEvent_CustomDataRequest
 0001:0005EE28       CallModuleEvent_CustomWebFieldsRequest
 0001:0005E930       CallModuleEvent_ExceptionActionNotify
 0001:0005EAA8       CallModuleEvent_ExceptionErrorNotify
 0001:0005E798       CallModuleEvent_ExceptionNotify
 0001:0005E860       CallModuleEvent_HandledExceptionNotify
 0001:0005EFC8       CallModuleEvent_PasswordRequest
 0001:000065D8       CallNextHookEx
 0001:0005EC1C       CallPasswordRequest
 0001:0006127C       CallStackByAddresses
 0001:00065714       CallStackDialogProc
 0001:0000F8C0       CallTerminateProcs
 0001:000065E0       CallWindowProc
 0001:00072D58       CallWriteIntraWebText
 0001:00078DD4       Call_HookedExceptionObject
 0001:00078B38       Call_HookedRaise
 0001:00078E00       Call_HookedRtlUnwind
 0001:00069ED0       CalsCoordinates
 0002:0000C792       CanAttachScreenshot
 0002:0000C78D       CanAttachScreenshot_Show
 0001:000A5030       CancelDrag
 0002:0000C793       CanCopy
 0002:0000C78E       CanCopy_Show
 0001:0007D548       CanEnableEurekaLogInPackages
 0001:0005F97C       CanExit
 0002:0000C755       CanHookLibraries
 0002:00007010       CannotProcessMessagesExceptions
 0002:0000705C       CannotShowDialog
 0002:0000C958       CannotUseThread
 0001:0007652C       CanPauseThisThread
 0002:0000C78C       CanSendError_Show
 0002:0000C790       CanSendMessage
 0001:0007A600       CanShowHandledExceptionEx
 0002:0000C78F       CanSupport_Show
 0001:000C9ED0       CanUseShort
 0002:0000D7D0       CanvasList
 0002:0000D51C       CanvasList
 0002:0000CA04       CaptionFontName
 0002:000073E4       Captions
 0002:0000CC40       CAPTION_HEIGHT
 0002:000078CC       CaptureControl
 0002:000021D0       cBase64Codec
 0002:00002214       cBase64Codec
 0002:00007970       cBooleanToItemAutoFlag
 0002:00000484       CBooleanToRelationship
 0001:00063630       CenterOnActiveWndMonitor
 0001:00005D78       CenterPoint
 0001:00061F18       CenterWindow
 0002:0000D6E6       CF_COMPONENT
 0002:0000D6E4       CF_PICTURE
 0002:0000C710       CGIHandleException
 0002:0000C6BC       CGIOutputFile
 0002:0000986C       ChangeAnyProc
 0001:000A35B0       ChangeBiDiModeAlignment
 0001:0000A740       ChangeFileExt
 0001:0007CAC8       ChangeFinalizationOrder
 0001:00068BC0       ChangeLogUserEmail
 0002:000077E4       CharCases
 0001:0000398C       CharFromWChar
 0001:0000EE3C       CharLength
 0001:000065E8       CharLowerBuff
 0001:000065F0       CharNext
 0001:000002E4       CharNext
 0002:000057E8       chars
 0001:00080108       CharsetToIdent
 0001:0000ED50       CharToByteIndex
 0001:0000EDB4       CharToByteLen
 0001:000065F8       CharToOemA
 0001:00006600       CharUpperBuff
 0001:000826EC       CheckBool
 0001:000931C8       CheckCommonControl
 0001:0007D444       CheckCrc32
 0001:0002C090       CheckDirectoryExists
 0001:00040FE0       CheckError
 0001:000349FC       CheckFail
 0001:0007C794       CheckForMemoryLeaks
 0001:0005C5A8       CheckForResult
 0001:0002BE68       CheckIntoIDE
 0001:00002DD0       CheckJmp
 0001:00036900       CheckLibrary
 0001:0005507C       CheckMagicCode
 0001:00006608       CheckMenuItem
 0001:000075F8       CheckOurPointer
 0002:000079C0       Checks
 0001:000C843C       CheckSqlTimeStamp
 0001:00021920       CheckSubComponents
 0001:00025E9C       CheckSynchronize
 0001:000BD194       CheckTaskWindow
 0001:00016374       CheckType
 0001:000A4CE4       CheckUndock
 0001:0000EA78       CheckWin32Version
 0001:00006610       ChildWindowFromPoint
 0002:0000046C       CInvalidCustomVariantType
 0002:00007974       cItemAutoFlagToBoolean
 0002:0000796C       cItemAutoFlagToMenu
 0001:00027868       Classes
 0001:0001CD5C       ClassNotFound
 0002:00009868       ClearAnyProc
 0001:0007F998       ClearColor
 0001:000CC740       ClearExcepInfo
 0001:00058F78       ClearInternalError
 0001:00017F38       ClearVariantTypeList
 0002:0000CBA9       ClickLinkActive
 0001:0004C6AC       ClickOnSign
 0001:00006618       ClientToScreen
 0001:000AE92C       ClientToWindow
 0002:00007374       ClipboardFormats
 0001:0008E48C       Clipbrd
 0001:0005745C       CloneObject
 0001:00006620       CloseClipboard
 0001:00000284       CloseHandle
 0001:00005F00       CloseHandle
 0001:0005DD7C       CloseLogFile
 0001:0006C104       CloseSendDialog
 0001:00033858       closesocket
 0002:0000D5BC       CloseThemeData
 0001:00037114       CloseZipFile
 0002:000073CC       CLSID_AutoComplete
 0002:0000C718       CLXHandleException
 0002:0000C71C       CLXShowException
 0002:00009040       CmdLine
 0002:0000903C       CmdShow
 0002:00007968       cMenuAutoFlagToItem
 0002:00000490       CmpTypeMap
 0001:00010438       CmpUnimplemented
 0002:00007BEC       CoAddRefServerProcess
 0001:0001A89C       CoCreateInstance
 0002:00007BE4       CoCreateInstanceEx
 0002:00007704       Codes
 0002:00007678       Codes
 0002:0000D758       CoInitExProcLoaded
 0002:00007BFC       CoInitFlags
 0001:0001A88C       CoInitialize
 0002:00007BE8       CoInitializeEx
 0002:0000D754       CoInitializeExProc
 0002:00007084       ColIdx
 0001:0001D628       CollectionsEqual
 0002:000070F4       Colors
 0001:0007FF00       ColorToIdent
 0002:000074A4       ColorToPretyName
 0001:0007FEF0       ColorToRGB
 0002:000076D8       ColumnClicks
 0002:0000CBDC       ColWidths
 0001:00006350       CombineRgn
 0002:00007734       ComboBoxExStyles
 0002:00007740       ComboExStyles
 0002:0000D868       ComClassManagerVar
 0001:000CBBF0       ComConst
 0002:0000D530       ComCtl32DLL
 0002:0000D750       ComCtlVersion
 0001:0009A55C       ComCtrls
 0002:0000D81C       CommandPool
 0001:00087D08       CommCtrl
 0001:0008A578       CommDlg
 0001:000007A8       Commit
 0002:00009628       committedRoot
 0001:0006AFD8       CommonSaveToStream
 0001:000CCA08       ComObj
 0001:000CAF50       CompactBcd
 0001:000C932C       CompareDigits
 0001:0005FE68       CompareEurekaFunctions
 0001:000B5D2C       CompareFront
 0001:00009DC4       CompareMem
 0001:0005A210       CompareModulesFunctions
 0001:000CAD30       CompareNormalizedFractions
 0001:0005A5D8       CompareProcessesFunctions
 0001:00009D94       CompareStr
 0001:00005F08       CompareString
 0001:00009DE4       CompareText
 0001:0000A2FC       CompareWith
 0001:00070E98       CompleteIP
 0001:00042E60       CompleteNumber
 0001:000483A4       CompleteStr
 0001:0005561C       CompleteStr
 0001:00072118       CompleteString
 0001:0002A514       CompleteVersion
 0001:00021A00       ComponentCreated
 0001:0003E510       Compress
 0001:00038B10       compressBound
 0001:000824BC       ComputeAldusChecksum
 0001:00056F18       ComputerName
 0001:0002EA94       ComputerName
 0001:0008E448       ComStrs
 0001:00033884       connect
 0001:0007E638       Consts
 0001:00087748       Contnrs
 0002:0000D78E       ControlAtom
 0002:0000D794       ControlAtomString
 0001:000C1F3C       ControlHasHelp
 0001:000B2024       Controls
 0001:0000DF80       ConvertAddr
 0001:000071F8       ConvertAddress
 0001:0002B738       ConvertAddress
 0001:0000C610       ConvertEraString
 0001:00009C5C       ConvertError
 0001:00009C74       ConvertErrorFmt
 0001:00096664       ConvertFlags
 0001:000964D0       ConvertMask
 0001:00047ABC       ConvertNotDosText
 0001:0003FA40       ConvertSpecialHTMLChars
 0001:00096688       ConvertStates
 0001:0000C778       ConvertYearString
 0001:00004B88       CopyArray
 0001:00084888       CopyBitmap
 0001:00084F50       CopyBitmapAsMask
 0001:00006358       CopyEnhMetaFile
 0001:00006BA0       CopyMemory
 0001:00084EEC       CopyPalette
 0001:00006628       CopyRect
 0002:00007758       Copyright
 0001:0005F2C4       CopyStrings
 0001:000B8E1C       CopyToBest
 0002:00007BF0       CoReleaseServerProcess
 0002:00007BF4       CoResumeClassObjects
 0002:00007BF8       CoSuspendClassObjects
 0001:0001A8A4       CoTaskMemAlloc
 0001:0001A894       CoUninitialize
 0001:00007F20       CountAllLeaks
 0001:0000ECC0       CountChars
 0002:0000D4F8       CounterLock
 0001:0006659C       CPUDialogProc
 0001:000563D0       CPUToRTF
 0002:00000470       CRangeToType
 0002:00001FBC       Crc16Tab
 0001:00038C68       crc32
 0002:0000C1C0       crc_table
 0002:000021BC       crc_table_computed
 0001:0006AB2C       Create8bitBitmap
 0001:0000E4D4       CreateAssertException
 0001:0000E65C       CreateAVObject
 0001:00006360       CreateBitmap
 0001:00006368       CreateBrushIndirect
 0001:00006370       CreateCompatibleBitmap
 0001:00006378       CreateCompatibleDC
 0001:00021A80       CreateComponent
 0001:00006D14       CreateDialogA
 0001:00061BBC       CreateDialogFonts
 0001:00006630       CreateDialogParamA
 0001:00006388       CreateDIBitmap
 0001:00006380       CreateDIBSection
 0001:0000ACAC       CreateDir
 0001:00005F10       CreateDirectory
 0001:00005F18       CreateEvent
 0001:00062DC8       CreateExceptionReport
 0001:00005F20       CreateFile
 0001:00005F28       CreateFileA
 0001:0000028C       CreateFileA
 0001:00005F30       CreateFileMapping
 0001:00006390       CreateFontA
 0001:00006398       CreateFontIndirect
 0001:000063A0       CreateFontIndirectA
 0001:00072D64       CreateGeneralText
 0001:000063A8       CreateHalftonePalette
 0001:0005B954       CreateHTMLByLayout
 0001:0005E384       CreateHTMLFile
 0001:00006638       CreateIcon
 0001:0000E400       CreateInOutError
 0001:00063198       CreateLeakReport
 0001:00073DF4       CreateLogText
 0001:00006640       CreateMenu
 0001:0008B038       CreateMessageDialog
 0001:00036330       CreateMXQuery
 0001:0006A74C       CreateOctreeNode
 0001:000063B0       CreatePalette
 0001:000063B8       CreatePenIndirect
 0001:00006648       CreatePopupMenu
 0001:00005F38       CreateProcessA
 0001:000063C0       CreateRectRgn
 0001:000063C8       CreateRectRgnIndirect
 0001:000063D0       CreateSolidBrush
 0001:00081CB4       CreateSystemPalette
 0001:0005BD2C       CreateTemplateFile
 0001:000002EC       CreateThread
 0001:00005F40       CreateThread
 0001:00063340       CreateThreadStr
 0001:0006D3EC       CreateTmpLogFile
 0001:00057A9C       CreateVirtualFile
 0001:00006CBC       CreateWindow
 0001:00006C64       CreateWindowEx
 0001:0005E450       CreateXMLLogCopy
 0001:0006D9D8       CreateZIPFile
 0001:00036EC0       CreateZipFile
 0001:0007BC74       Create_EurekaLogUnitsList
 0002:0000780C       CreationControl
 0002:000073DC       CreationControl
 0002:00000564       CRelationshipToBoolean
 0002:00000434       CResult
 0002:00000F1C       CriticalError
 0002:00007034       CriticalExceptObject
 0002:00000154       cSimpleBoolStrs
 0002:0000050C       CText
 0002:00007908       Ctl3DStyles
 0002:00009620       curAlloc
 0001:00016608       CurrCompare
 0002:000096DC       CurrencyDecimals
 0002:000096D8       CurrencyFormat
 0002:000096D4       CurrencyString
 0002:0000C744       CurrentAsmErrorLine
 0002:0000C74C       CurrentAsmErrorText
 0002:0000C750       CurrentCPUErrorText
 0002:0000C7E0       CurrentDialog
 0001:0007A8E4       CurrentEurekaLogOptions
 0002:0000C748       CurrentGeneralErrorText
 0002:0000C6B8       CurrentOptions
 0002:0000C7F8       CurrentProcessWindowsList
 0002:00007020       CurrentStackList
 0001:0000C4A8       CurrentYear
 0001:000CBA24       CurrToBCD
 0001:0000BE1C       CurrToStr
 0001:00014ED4       CurrToWStrViaOS
 0002:00007AE8       CursorMap
 0002:0000781C       Cursors
 0001:000A38D0       CursorToIdent
 0002:00007AD8       cUseAlpha
 0002:00007AE0       cUseColorKey
 0002:0000C65C       CustomButtonClickNotify
 0002:0000C650       CustomDataRequest
 0002:0000C77C       CustomExceptMessage
 0001:0007C828       CustomHandler
 0002:00006AF4       CustomSmtpHeloCommand
 0002:0000C658       CustomWebFieldsRequest
 0002:0000C5C4       CV
 0002:0000032C       CVarTypeToElementInfo
 0001:0000A020       CvtInt
 0001:0000A08C       CvtInt64
 0002:00007BE0       CWNear
 0002:00000194       CWNear
 0001:0000C3F8       Date
 0001:000165E0       DateCompare
 0002:000096DD       DateSeparator
 0001:000C836C       DateTimeToSQLTimeStamp
 0001:0000D0C0       DateTimeToStr
 0001:0002AA8C       DateTimeToStrFixed
 0001:0000D034       DateTimeToString
 0001:0000BF70       DateTimeToTimeStamp
 0001:0000D090       DateToStr
 0001:00014F0C       DateToWStrViaOS
 0001:000C772C       DateUtils
 0001:0000C3D0       DayOfWeek
 0001:000C76C4       DaysInAMonth
 0001:000CCF08       DB
 0002:0000D88C       DBApplication
 0001:000C7784       DBConsts
 0001:000CDF14       DBCtrls
 0001:000CDFB4       DBGrids
 0002:0000C7F4       DbgSection
 0001:000CD6F8       DBLogDlg
 0001:000CDC68       DBPWDlg
 0002:0000D888       DBScreen
 0002:00000190       DCon10
 0002:000070F0       DDBsOnly
 0001:00027790       DeallocateHWnd
 0002:0000002C       DebugHook
 0002:0000C934       DebugHook_Assigned
 0001:0006EFCC       DebugToStr
 0002:000096DB       DecimalSeparator
 0001:000177A8       DecIndices
 0001:0000C340       DecodeDate
 0001:0000C1F4       DecodeDateFully
 0001:00030930       DecodeNameString
 0001:0000C064       DecodeTime
 0001:0000083C       Decommit
 0001:00000E58       DecommitFree
 0002:000095FC       decommittedRoot
 0001:0003F15C       Decrypt
 0001:000C5294       Default
 0001:000BFBC4       Default
 0002:00000024       Default8087CW
 0002:00007810       DefaultDockTreeClass
 0001:00094F30       DefaultListViewSort
 0002:00000038       DefaultTextLineBreakStyle
 0002:000095C0       DefaultUserCodePage
 0002:00007344       DefBrushData
 0002:000070C4       DefFontData
 0001:00006650       DefFrameProc
 0001:00039AA0       deflate
 0001:00039D64       deflateEnd
 0001:000394B4       deflateInit_
 0002:00000220       DefLongDayNames
 0002:000001D4       DefLongMonthNames
 0001:00006658       DefMDIChildProc
 0002:00007324       DefPenData
 0002:00000204       DefShortDayNames
 0002:000001A4       DefShortMonthNames
 0001:00006660       DefWindowProc
 0001:00006668       DefWindowProcA
 0001:00004EF4       DelayLoadResourceModule
 0001:000004F8       DeleteBlock
 0001:00005F48       DeleteCriticalSection
 0001:00000468       DeleteCriticalSection
 0001:000063D8       DeleteDC
 0001:000063E0       DeleteEnhMetaFile
 0001:0006DB44       DeleteExtraFiles
 0001:0000A6A8       DeleteFile
 0001:00005F50       DeleteFile
 0001:00005F58       DeleteFileA
 0001:0005A19C       DeleteFileEx
 0001:00000CA0       DeleteFree
 0001:00006670       DeleteMenu
 0001:000063E8       DeleteObject
 0001:0006A658       DeleteTree
 0001:00057C08       DeleteVirtualFile
 0002:000070A4       DeniedChars
 0001:00084444       DeselectBitmap
 0001:00006678       DestroyCursor
 0001:00061E04       DestroyDialogFonts
 0001:00006680       DestroyIcon
 0001:0008E51C       DestroyLocals
 0001:00006688       DestroyMenu
 0001:00006690       DestroyWindow
 0002:0000CC1C       DetailsActive
 0001:00063C30       DetailsState
 0001:00006698       DialogBoxParamA
 0001:000A0D5C       DialogEnumerationTester
 0002:0000CC28       DialogHeight
 0001:0008B888       Dialogs
 0002:0000C944       DialogType
 0002:00007380       DIBPalSizes
 0002:00000094       dig
 0002:00000F20       Digits
 0002:000076F0       Directions
 0001:0005BD08       DirectoryExists
 0001:00008A00       DisableMemoryLeaksCheck
 0001:000BCFE8       DisableTaskWindows
 0001:000CC154       DispatchInvoke
 0001:000CC734       DispatchInvokeError
 0001:000066A0       DispatchMessage
 0001:000C321C       DispatchShortCut
 0001:000CC750       DispCall
 0001:000CC834       DispCallByID
 0002:00009000       DispCallByIDProc
 0001:000CC660       DispCallError
 0001:00009C40       DivMod
 0001:0008A5B0       Dlgs
 0001:00061874       DlgTemplate
 0002:00009918       DllList
 0001:000C4520       DoAlign
 0001:000A94F4       DoAlign
 0001:000AD5EC       DoCalcConstraints
 0002:0000D7C4       DockSiteList
 0001:000B9A3C       DoClick
 0001:000AAC38       DoControlMsg
 0001:000BCF98       DoDisableWindow
 0001:000A4610       DoDragOver
 0001:00009CB8       DoExitProc
 0001:000AF65C       DoFindControlZone
 0001:000BD0D4       DoFindWindow
 0001:000AFBE8       DoFindZone
 0001:000AF6E0       DoForEach
 0001:000B0FEC       DoGetNextLimit
 0001:00034ED0       Done
 0001:0002EDD8       Done
 0001:0007DDA8       Done
 0001:00008BEC       Done
 0001:00036790       Done
 0001:000BCF60       DoneApplication
 0001:0007B944       DoneCheckFreeze
 0001:000B1D4C       DoneControls
 0002:0000C70C       DoneExcept
 0001:0007CA7C       DoneExceptAddr
 0001:0000E988       DoneExceptions
 0001:00040A64       DoneLib
 0001:0000878C       DoneShareMem
 0001:000C1598       DoNestedActivation
 0001:00025E38       DoneThreadSynchronization
 0001:000C4370       DoPosition
 0001:000A90B4       DoPosition
 0001:000B0614       DoPrune
 0001:0008CCB8       DoRect
 0001:000B0AEC       DoSaveZone
 0001:000B0CF0       DoSetNewBounds
 0001:0002ADD0       DotNetHostedFile
 0001:0006FA9C       DotNetHostedFileHandle
 0001:0006FA50       DotNetMainFile
 0002:00007044       DotNetMetadataFile
 0002:00007064       Dots
 0002:00000580       DotSep
 0001:00083560       DoWrite
 0001:000B438C       DoWrite
 0001:00082944       DoWrite
 0001:0001EC18       DoWrite
 0001:000AA220       DoWriteDesignSize
 0001:000A7C8C       DoWriteIsControl
 0002:0000D7A8       DragCapture
 0002:0000D79C       DragControl
 0001:000A4D58       DragDone
 0001:000A45C0       DragFindTarget
 0001:000A4594       DragFindWindow
 0002:0000D7C0       DragImageList
 0001:000A49B0       DragInit
 0001:000A4B20       DragInitControl
 0002:0000D7A4       DragInternalObject
 0001:000A44DC       DragMessage
 0002:0000D7A0       DragObject
 0002:0000D7CC       DragSave
 0002:0000D7B4       DragSaveCursor
 0002:0000D7AC       DragStartPos
 0002:0000D7B8       DragThreshold
 0001:000A46E0       DragTo
 0001:000C52D0       DrawAppIcon
 0001:0004BE70       DrawBmp
 0001:0004C9F4       DrawBottom
 0001:00068B14       DrawButton
 0001:000689A8       DrawClickHere
 0001:000B0180       DrawCloseButton
 0001:00068920       DrawControl
 0001:000066A8       DrawEdge
 0001:0004C980       DrawFrame
 0001:000066B0       DrawFrameControl
 0001:000B01D8       DrawGrabberLine
 0001:000066B8       DrawIcon
 0001:000066C0       DrawIconEx
 0002:00007944       DrawingStyles
 0001:0004CA9C       DrawItem
 0001:0004CA48       DrawLine
 0001:000066C8       DrawMenuBar
 0001:000BAD7C       DrawMenuItem
 0001:00066B58       DrawSupportLink
 0001:000066D0       DrawText
 0001:000066D8       DrawTextA
 0002:0000D5C0       DrawThemeBackground
 0002:0000D5E4       DrawThemeEdge
 0002:0000D5E8       DrawThemeIcon
 0002:0000D66C       DrawThemeParentBackground
 0002:0000D5C4       DrawThemeText
 0001:00081784       DupBits
 0002:0000C794       DuplicatedException
 0001:00005F60       DuplicateHandle
 0001:00017754       DynArrayBounds
 0001:00004BA0       DynArrayClear
 0001:000176CC       DynArrayDim
 0001:000176B0       DynArrayElTypeInfo
 0001:00017C04       DynArrayFromVariant
 0001:00017670       DynArrayIndex
 0001:00004BA8       DynArraySetLength
 0001:000176E4       DynArraySize
 0001:000178B4       DynArrayToVariant
 0001:00017814       DynArrayVariantBounds
 0001:0001786C       DynArrayVarType
 0001:0003F5A8       EBase64
 0001:0002A270       EConsts
 0001:0002EE50       ECore
 0001:00033584       EDebug
 0002:00007A30       EdgeStyle
 0002:000078F8       EdgeStyles
 0001:000544B0       EDisAsm
 0002:00007690       EditStyles
 0001:0003F250       EEncrypt
 0001:0003EEFC       EHash
 0001:0000E3D4       EHeapException.FreeInstance
 0001:00034FCC       EHook
 0001:00048034       ElaborateString
 0001:000412A0       ElaborateURL
 0001:00041408       ElaborateWebPage
 0001:000350DC       ELang
 0001:00008CAC       ELeaks
 0001:0004D0B8       EListView
 0001:0004BD98       ELogManager
 0001:000066E0       EmptyClipboard
 0001:0001646C       EmptyCompare
 0002:00009854       EmptyParam
 0002:000000D8       EmptyStr
 0002:000000DC       EmptyWideStr
 0002:0000061C       EMsgs
 0001:00008874       EnableMemoryLeaksCheck
 0001:000066E8       EnableMenuItem
 0002:000079C8       Enables
 0001:000066F0       EnableScrollBar
 0001:000BD09C       EnableTaskWindows
 0002:0000D654       EnableThemeDialogTexture
 0002:0000D670       EnableTheming
 0001:000066F8       EnableWindow
 0001:0006A544       Encode
 0001:0000C1C4       EncodeDate
 0002:000057C4       EncodedChars
 0001:0000C024       EncodeTime
 0001:0006D550       EncodeURL
 0001:00006700       EndDialog
 0001:0001D3F4       EndGlobalLoading
 0001:00006708       EndPaint
 0001:00003864       EndThread
 0001:00005F68       EnterCriticalSection
 0001:00000458       EnterCriticalSection
 0001:00005F70       EnumCalendarInfoA
 0002:0000D554       EnumDisplayMonitors
 0001:0000DBF4       EnumEraNames
 0001:0000DC30       EnumEraYearOffsets
 0001:000C0188       EnumMonitorsProc
 0001:00005F78       EnumSystemLocalesA
 0001:00006710       EnumThreadWindows
 0001:00021230       EnumValue
 0001:00006718       EnumWindows
 0001:00059220       EnumWindowsProc
 0001:000592C4       EnumWindowsProc
 0001:0005937C       EnumWindowsProc
 0001:00059490       EnumWindowsProc
 0001:0002FE7C       Eof
 0002:000057E4       EOFLine
 0001:000CBE84       EOleException.Create
 0001:000CBDB4       EOleSysError.Create
 0001:00006720       EqualRect
 0002:000097A4       EraNames
 0001:0000D34C       EraToYear
 0002:000097C0       EraYearOffsets
 0002:0000006C       errCaption
 0001:0006B41C       Error
 0001:00008654       Error
 0001:0001C900       Error
 0001:00001968       Error
 0001:00020A14       Error
 0001:000B5A7C       Error
 0002:00000004       ErrorAddr
 0001:0000191C       ErrorAt
 0001:0000E480       ErrorHandler
 0002:0000023C       ErrorMap
 0002:00009008       ErrorProc
 0002:000093E8       ErrOutput
 0002:00000DF4       EShowOptions
 0001:000367F0       ESockets
 0001:0002792C       ETypes
 0002:00000614       EurekaLogCurrentVersion
 0002:0000C7B0       EurekaLogList
 0001:0006BCE4       EurekaLogSendEmail
 0002:00006AF8       EurekaLogUnits
 0002:0000C7D4       EurekaLogUnitsList
 0001:0005F790       EurekaLog_AttachedFilesRequestEvent
 0001:000794B8       EurekaLog_CallCreateThread
 0001:00078C48       EurekaLog_CallExceptObject
 0001:000795F0       EurekaLog_CallExitThread
 0001:00078AC4       EurekaLog_CallGeneralRaise
 0001:0007954C       EurekaLog_CallResumeThread
 0001:0005F8D8       EurekaLog_CustomButtonClickEvent
 0001:0005F6EC       EurekaLog_CustomDataRequestEventEx
 0001:0005F834       EurekaLog_CustomWebFieldsRequestEvent
 0001:0005F5A4       EurekaLog_ExceptionActionNotifyEvent
 0001:0005F648       EurekaLog_ExceptionErrorNotifyEvent
 0001:0005F45C       EurekaLog_ExceptionNotifyEvent
 0001:0005F500       EurekaLog_HandledExceptionNotifyEvent
 0001:000794B0       EurekaLog_LastDelphiException
 0001:0005F348       EurekaLog_PasswordRequestEvent
 0001:0005F38C       EurekaLog_PasswordRequestEventEx
 0002:00000B7C       EVals
 0002:00000EB4       EVariablesOptions
 0001:000473E4       EWebTools
 0001:00033AF8       EWinSock
 0001:000018A4       ExceptAddr
 0002:0000900C       ExceptClsProc
 0001:0000E8F4       ExceptHandler
 0001:0000E200       Exception.Create
 0001:0000E23C       Exception.CreateFmt
 0001:0000E38C       Exception.CreateHelp
 0001:0000E2BC       Exception.CreateRes
 0001:0000E2F8       Exception.CreateResFmt
 0002:0000C644       ExceptionActionNotify
 0002:0000901C       ExceptionClass
 0002:0000C68C       ExceptionCriticalSection
 0001:0000DF8C       ExceptionErrorMessage
 0002:0000C648       ExceptionErrorNotify
 0001:0005851C       ExceptionLine
 0001:0007E2F8       ExceptionLog
 0001:0007AC14       ExceptionManager
 0002:0000C63C       ExceptionNotify
 0002:0000C6C4       ExceptionNumber
 0002:0000C7E8       ExceptionsTime
 0002:0000C7EC       ExceptionTime
 0001:0005C290       ExceptionTypeByAddr
 0002:00000274       ExceptMap
 0001:0007811C       ExceptNotify
 0001:0006EDF4       ExceptNotifyAfter1
 0001:0006EEF0       ExceptNotifyAfter2
 0001:0006EF04       ExceptNotifyAfter3
 0001:00001884       ExceptObject
 0002:00009010       ExceptObjProc
 0002:00009004       ExceptProc
 0001:000063F0       ExcludeClipRect
 0001:0002C004       ExcludeLastBackslash
 0002:00000000       ExitCode
 0001:0000361C       ExitDll
 0002:00009048       ExitProc
 0001:000002FC       ExitProcess
 0002:00009028       ExitProcessProc
 0002:00000150       ExitProcList
 0001:000002F4       ExitThread
 0001:00005F80       ExitThread
 0001:0004798C       EXMLBuilder
 0001:0002ACE4       ExpandEnvVars
 0001:0000A91C       ExpandFileName
 0001:0005FF18       ExportedFunctions
 0001:0008E7D8       ExtActns
 0001:0008E3D8       ExtCtrls
 0001:0008E644       ExtDlgs
 0001:0005D88C       ExtractDebugData
 0001:0000A808       ExtractFileDrive
 0001:0000A8D4       ExtractFileExt
 0001:0000A89C       ExtractFileName
 0001:00006E9C       ExtractFileName
 0001:0000A7D4       ExtractFilePath
 0001:0000A958       ExtractFilePathNoDrive
 0001:0007B0E4       ExtractGZipStream
 0001:0002A788       ExtractList
 0001:0000A9E4       ExtractRelativePath
 0001:0005D370       ExtractStr
 0001:0002BBEC       ExtractStringsEx
 0001:00062BE0       ExtractThreadByList
 0001:0004972C       ExtractValue
 0001:000063F8       ExtTextOut
 0001:0003F6FC       EZip
 0001:0003E400       EZlib2
 0002:0000C9E0       fActive
 0002:00007058       fActivePage
 0002:000097E0       FalseBoolStrs
 0002:0000C9FC       fBigFont
 0002:0000C9E4       fCaptionFont
 0002:0000D6EC       FClipboard
 0002:00000184       FCon1E18
 0002:00007BDC       FConst10
 0002:0000C9D8       fDlgBack
 0001:00072488       FetchStr
 0002:0000C9EC       fFixedFont1
 0002:0000C9F0       fFixedFont2
 0002:00007C14       FieldTypeNames
 0001:0000A53C       FileAge
 0001:0000A534       FileClose
 0001:0000A478       FileCreate
 0001:0000A49C       FileCreate
 0001:0000AC1C       FileDateToDateTime
 0001:0000A5A4       FileExists
 0002:00007378       FileFormats
 0002:0000000C       FileMode
 0001:00001DF0       FileNOPProc
 0001:0000A420       FileOpen
 0001:0000A4A4       FileRead
 0002:000005BC       FilerSignature
 0001:0000A4FC       FileSeek
 0001:00005F88       FileTimeToDosDateTime
 0001:00005F90       FileTimeToLocalFileTime
 0001:0000A4D0       FileWrite
 0001:00000D88       FillAfterGap
 0001:0005E5DC       FillAttachedList
 0001:00000D34       FillBeforeGap
 0001:00000E20       FillerSizeAfterGap
 0001:00000DB0       FillerSizeBeforeGap
 0001:00006728       FillRect
 0001:0005A694       FillThreadsCount
 0001:00088458       Finalization
 0001:00047394       Finalization
 0001:0008E614       Finalization
 0001:00087CD8       Finalization
 0001:0008E664       Finalization
 0001:00087718       Finalization
 0001:00087460       Finalization
 0001:0008E6CC       Finalization
 0001:00087280       Finalization
 0001:00088498       Finalization
 0001:0004795C       Finalization
 0001:0008E5B4       Finalization
 0001:0008E730       Finalization
 0001:0008E788       Finalization
 0001:00089480       Finalization
 0001:000894C8       Finalization
 0001:000903EC       Finalization
 0001:0007E608       Finalization
 0001:00089500       Finalization
 0001:0007E13C       Finalization
 0001:00089824       Finalization
 0001:0008E4E4       Finalization
 0001:000899D0       Finalization
 0001:0004BD5C       Finalization
 0001:000CDFEC       Finalization
 0001:0003F6CC       Finalization
 0001:00008C74       Finalization
 0001:00008FE8       Finalization
 0001:0003F578       Finalization
 0001:0004D088       Finalization
 0001:0003F220       Finalization
 0001:000B4ADC       Finalization
 0001:0009A4E4       Finalization
 0001:0003E3D0       Finalization
 0001:000CDF84       Finalization
 0001:000CDED0       Finalization
 0001:0009B00C       Finalization
 0001:000CDC2C       Finalization
 0001:000CD6C8       Finalization
 0001:0001A8C8       Finalization
 0001:0008E450       Finalization
 0001:00036798       Finalization
 0001:000C757C       Finalization
 0001:000350AC       Finalization
 0001:00010BAC       Finalization
 0001:000CCFEC       Finalization
 0001:0001A800       Finalization
 0001:00034F78       Finalization
 0001:000B3380       Finalization
 0001:00006E24       Finalization
 0001:000A01E8       Finalization
 0001:000A0350       Finalization
 0001:000C761C       Finalization
 0001:00054414       Finalization
 0001:000C7654       Finalization
 0001:0008E418       Finalization
 0001:000A0FD4       Finalization
 0001:000C8548       Finalization
 0001:0008E390       Finalization
 0001:000C768C       Finalization
 0001:00018EF4       Finalization
 0001:00033AC8       Finalization
 0001:00005DA4       Finalization
 0001:00005CE8       Finalization
 0001:000C76FC       Finalization
 0001:00010390       Finalization
 0001:00005AB8       Finalization
 0001:00010190       Finalization
 0001:00033594       Finalization
 0001:000C7754       Finalization
 0001:000B1FBC       Finalization
 0001:000334E8       Finalization
 0001:00018CC0       Finalization
 0001:0008B82C       Finalization
 0001:000CCEAC       Finalization
 0001:000CF1F4       Finalization
 0001:0008A354       Finalization
 0001:0008A3C4       Finalization
 0001:0008A3FC       Finalization
 0001:0008A434       Finalization
 0001:0008A46C       Finalization
 0001:0008A4A4       Finalization
 0001:0008A510       Finalization
 0001:000CF22C       Finalization
 0001:0008A548       Finalization
 0001:000277B8       Finalization
 0001:000278FC       Finalization
 0001:000CC988       Finalization
 0001:0002A1EC       Finalization
 0001:0002EDDC       Finalization
 0001:000BB058       Finalization
 0001:0008A580       Finalization
 0001:000CBB48       Finalization
 0001:000CBBC0       Finalization
 0001:0003EECC       Finalization
 0002:00009684       FinalizationProc
 0001:00004B98       FinalizeArray
 0001:00003450       FinalizeUnits
 0001:000B97FC       Find
 0001:00023D64       FindAncestor
 0001:0005C934       FindBetterMatch
 0001:00004F64       FindBS
 0001:0001CE1C       FindClass
 0001:00004EEC       FindClassHInstance
 0001:0000030C       FindClose
 0001:00005F98       FindClose
 0001:0000A68C       FindClose
 0001:00000D04       FindCommitted
 0001:000A36B0       FindControl
 0001:000AFE14       FindControlAtPos
 0001:00018B08       FindCustomVariantType
 0001:00018BC0       FindCustomVariantType
 0001:000A507C       FindDragTarget
 0001:0006D36C       FindEOFLine
 0001:00040E78       FindErrorMessage
 0001:00072CB4       FindException
 0001:00021C30       FindExistingComponent
 0001:0000A618       FindFirst
 0001:00005FA0       FindFirstFile
 0001:00000314       FindFirstFile
 0001:00005FA8       FindFirstFileA
 0001:0005A930       FindFullPath
 0001:0005D780       FindFunction
 0001:0001D284       FindGlobalComponent
 0001:000BD1E0       FindGlobalComponent
 0002:000098B8       FindGlobalComponentProcs
 0001:00055090       FindHandled
 0001:00004EC4       FindHInstance
 0001:0001D12C       FindIdentToInt
 0001:0001D0B0       FindIntToIdent
 0001:00007984       FindLeakAddress
 0001:00007BA8       FindLeakClassName
 0001:000078DC       FindLeakSons
 0001:0007D330       FindMainInstance
 0001:0000A5B4       FindMatchingFile
 0001:00059950       FindModuleType
 0002:0000D6AC       FindMsg
 0001:00020DC0       FindNestedComponent
 0001:0000A668       FindNext
 0001:00005FB0       FindNextFile
 0001:00007838       FindNextValidLeak
 0001:0002FFEC       FindParam
 0001:000B5A44       FindPopupControl
 0001:000336F4       FindProc
 0001:00010874       FindProc
 0001:0005A5E0       FindProcess
 0001:00005FB8       FindResource
 0001:00005FC0       FindResourceA
 0001:00004F3C       FindResourceHInstance
 0001:000C6DD0       FindScanline
 0001:000405DC       FindSelected
 0001:000BD138       FindTopMostWindow
 0001:00022B14       FindUniqueName
 0001:00016FAC       FindVarData
 0001:000A5048       FindVCLWindow
 0001:00006730       FindWindow
 0001:000A0DB4       FindWinHelp
 0001:00055048       FirstProc
 0002:0000CA08       FixedFontName1
 0002:0000CA0C       FixedFontName2
 0002:0000CA00       FixedFontSize
 0002:0000CC44       FixedTmpOptionsFile
 0001:0008483C       FixupBitFields
 0002:00007A40       Flags
 0002:000097F0       FLanguages
 0001:00089854       FlatSB
 0002:0000D580       FlatSB_EnableScrollBar
 0002:0000D58C       FlatSB_GetScrollInfo
 0002:0000D590       FlatSB_GetScrollPos
 0002:0000D588       FlatSB_GetScrollRange
 0002:0000D598       FlatSB_SetScrollInfo
 0002:0000D594       FlatSB_SetScrollPos
 0001:00089544       FlatSB_SetScrollProp
 0002:0000D59C       FlatSB_SetScrollRange
 0002:0000D584       FlatSB_ShowScrollBar
 0002:0000C9F4       fLinkFont
 0002:0000C9F8       fLinkFont2
 0002:0000CB84       fListViewItems
 0002:000061C8       FloatingPointOpcodes
 0001:0000BAAC       FloatToDecimal
 0001:0000BDEC       FloatToStr
 0001:0000B4E4       FloatToText
 0001:0000B7B8       FloatToTextFmt
 0001:00002054       Flush
 0001:00005FC8       FlushInstructionCache
 0002:0000C9DC       fMemoBack
 0002:0000CB64       fMonitor
 0002:0000CB6C       fMonitorInfo
 0002:00000198       FMSecsPerDay
 0001:000CBB84       FMTBcd
 0002:00007BA8       FMTBcdVariantType
 0001:0000B3E0       FmtStr
 0002:00007A5C       FocusCount
 0002:00007A58       FocusMessages
 0002:00007294       FontCharsets
 0002:0000D510       FontManager
 0001:0007AB60       ForceApplicationTermination
 0001:0002C0B4       ForceDirectoriesEx
 0001:0007E084       ForceUseConstant
 0001:000BD1B4       ForegroundTask
 0002:0000D8AC       Form1
 0001:0000B3CC       Format
 0002:000001A0       Format
 0001:0000AFD4       FormatBuf
 0001:0000AFC8       FormatClearStr
 0001:000728D4       FormatComplete
 0001:0000D0D4       FormatDateTime
 0001:0000AF4C       FormatError
 0002:0000017C       FormatErrorStrs
 0001:0000BE4C       FormatFloat
 0001:00005FD0       FormatMessage
 0001:00032EC0       FormatProcName
 0001:0000AFA4       FormatVarToStr
 0001:000C75D8       Forms
 0001:000024C0       FPower10
 0002:000073C8       FPrinter
 0001:000CB78C       FractionToStr
 0001:0008CD7C       Frame3D
 0001:00006738       FrameRect
 0001:00007EF4       FreeAllLeaks
 0001:0000FD70       FreeAndNil
 0001:00057490       FreeClonedObject
 0001:00000A70       FreeCommitted
 0001:00000F90       FreeCurAlloc
 0001:000A513C       FreeDeviceContext
 0001:000A51F8       FreeDeviceContexts
 0001:00027584       FreeIntConstList
 0001:00005FD8       FreeLibrary
 0001:0000031C       FreeLibrary
 0001:00084398       FreeMemoryContexts
 0001:000BD274       FreeObjectInstance
 0001:000276B8       FreeObjectInstance
 0001:000581C8       FreeOutOfMemoryCache
 0001:00005FF8       FreeResource
 0001:0006B3E0       FreeScreenshot
 0001:000006F0       FreeSpace
 0001:0000F8DC       FreeTerminateProcs
 0001:00089A08       FreeThemeLibrary
 0002:0000C758       FreezeThread
 0002:0000D74C       FRichEditModule
 0002:0000CB68       fSendBmp
 0002:0000C618       FtpOpenFile
 0001:00046DBC       FTPUploadFiles
 0002:0000C9E8       fVariableFont
 0001:00081774       GDICheck
 0001:000816CC       GDIError
 0001:00066394       GeneralDialogProc
 0001:000788A4       GeneralRaise
 0001:00055BD0       GeneralToRTF
 0001:0006E500       GenerateCustomWebFieldsString
 0001:0005BBE4       GenerateHTML
 0001:00041C30       GenerateMultipartBoundary
 0001:00046200       GenerateMultipartBoundary
 0001:00041D00       GenerateRequestBody
 0001:0004633C       GenerateRequestBody
 0001:00001CFC       Get8087CW
 0001:00006000       GetACP
 0001:000702D4       GetActiveControlClass
 0001:000702EC       GetActiveControlText
 0001:000701F4       GetActiveFormClass
 0001:00070240       GetActiveFormText
 0001:000633B0       GetActiveMonitorData
 0001:00006740       GetActiveWindow
 0001:00070FDC       GetAdapterInfo
 0001:0005A660       GetAllocatedMemory
 0001:0005D760       GetAndSetFunctionSize
 0001:000C49FC       GetAnimation
 0001:00070B44       GetApplicationName
 0001:000593F4       GetApplicationRect
 0001:000701D4       GetApplicationUpTime
 0001:00034230       GetAsmSize
 0001:0008A994       GetAveCharSize
 0001:00061670       GetBaseOfStack
 0001:00006400       GetBitmapBits
 0001:00000470       GetBlockDesc
 0001:00068A8C       GetBottonWidth
 0001:00006408       GetBrushOrgEx
 0001:00006C24       GetBValue
 0001:0006154C       GetCallStackByAddresses
 0001:00058208       GetCallStackDump
 0001:00006748       GetCapture
 0001:000A3978       GetCaptureControl
 0001:0001CDC8       GetClass
 0001:00006750       GetClassInfo
 0001:00006758       GetClassName
 0001:00006760       GetClassNameA
 0001:00006768       GetClientRect
 0001:00006770       GetClipboardData
 0001:0008310C       GetClipboardFormats
 0001:00006410       GetClipBox
 0001:0000040C       GetCmdShow
 0001:000B3550       GetColor
 0001:0004CF08       GetColumnAlign
 0001:0004CEDC       GetColumnCount
 0001:000931F0       GetComCtlVersion
 0001:00000324       GetCommandLine
 0001:00006010       GetCommandLine
 0001:000008BC       GetCommitted
 0001:0000094C       GetCommittedAt
 0001:00072330       GetCompanyName
 0001:00070178       GetCompilationDate
 0001:000556A4       GetCompleteTimeStr
 0001:0002511C       GetComponentValue
 0001:00006018       GetComputerNameA
 0001:000AA7EC       GetControlAtPos
 0001:00077B94       GetControlClass
 0001:00077BF0       GetControlText
 0001:0000C56C       GetCount
 0001:00006008       GetCPInfo
 0001:0003E4AC       GetCRC16
 0001:0003E464       GetCRC32
 0001:0000AC88       GetCurrentDir
 0001:0000032C       GetCurrentDirectory
 0001:00006418       GetCurrentObject
 0001:00006420       GetCurrentPositionEx
 0001:00072600       GetCurrentPrinterHandle
 0001:00006020       GetCurrentProcess
 0001:00006028       GetCurrentProcessId
 0001:0007AC0C       GetCurrentStackPointer
 0001:00061678       GetCurrentStackPointer
 0002:0000D664       GetCurrentThemeName
 0001:00006030       GetCurrentThread
 0001:000003EC       GetCurrentThreadId
 0001:00006038       GetCurrentThreadId
 0001:00006B98       GetCurrentTime
 0001:000574B0       GetCurrentTopOfStack
 0001:00072158       GetCurrentUserPrivileges
 0001:00006778       GetCursor
 0001:000C6DE0       GetCursorHeightMargin
 0001:00006780       GetCursorPos
 0001:00007710       GetDataCaller
 0001:0000C598       GetDate
 0001:00006040       GetDateFormat
 0001:0000D264       GetDateOrder
 0001:00006788       GetDC
 0001:00006790       GetDCEx
 0001:00006428       GetDCOrgEx
 0001:00060E50       GetDebugDetail
 0001:0006F06C       GetDebugInfoEx
 0001:0005DB84       GetDebugInfosByAddr
 0001:0005D54C       GetDebugPartialInfo
 0001:0007251C       GetDefaultPrinter
 0001:00086E90       GetDefFontCharSet
 0001:0001E1C0       GetDesigner
 0001:00006798       GetDesktopWindow
 0001:00006440       GetDeviceCaps
 0001:000667A4       GetDialogState
 0001:000826D4       GetDIB
 0001:00006430       GetDIBColorTable
 0001:00006438       GetDIBits
 0001:0008261C       GetDIBSizes
 0001:000818E4       GetDInColors
 0001:00006048       GetDiskFreeSpaceA
 0002:0000014C       GetDiskFreeSpaceEx
 0001:000708F8       GetDiskInfo
 0001:00072064       GetDisplayDPI
 0001:00070DF8       GetDisplayMode
 0001:000067A0       GetDlgItem
 0001:00035F30       GetDNSList
 0001:000B10CC       GetDockAlign
 0001:000A4320       GetDockSiteAtPos
 0001:000360EC       GetDomain
 0001:00036258       GetDomainName
 0001:000A464C       GetDropCtl
 0001:00073ADC       GetDump
 0001:00002B40       GetDynaMethod
 0001:0007395C       GetEAX
 0001:0007398C       GetEBX
 0001:000739BC       GetECX
 0001:00073A4C       GetEDI
 0001:00062638       GetEditText
 0001:000739EC       GetEDX
 0001:0005FB90       GetEF
 0001:00052E08       GetEffectiveAddress
 0001:00073AAC       GetEIP
 0001:00073D00       GetEmptySection
 0001:00006448       GetEnhMetaFileBits
 0001:00006450       GetEnhMetaFileHeader
 0001:00006458       GetEnhMetaFilePaletteEntries
 0001:000197E0       GetEnumName
 0001:000198B8       GetEnumNameValue
 0001:00019B64       GetEnumProp
 0001:00019904       GetEnumValue
 0001:00006050       GetEnvironmentVariableA
 0001:0002ABA8       GetEnvVariable
 0001:0000DCA8       GetEraNamesAndYearOffsets
 0001:0000D2F8       GetEraYearOffset
 0001:0001A8B4       GetErrorInfo
 0001:00073A1C       GetESI
 0001:00073A7C       GetESP
 0001:000581F8       GetESP
 0001:0002AF44       GetEurekaLogDir
 0001:00060454       GetEurekaLogModuleVersion
 0001:000704E8       GetExceptionAddress
 0001:0000E644       GetExceptionClass
 0001:000704D0       GetExceptionDate
 0001:0006FF40       GetExceptionMessage
 0001:0007051C       GetExceptionModuleName
 0001:00070600       GetExceptionModuleVersion
 0001:0000E828       GetExceptionObject
 0001:00070684       GetExceptionType
[...]
 18968 0001:0007D6C5 18969 0001:0007D6CC 18970 0001:0007D6D6 18971 0001:0007D6DD
 18972 0001:0007D6EC 18973 0001:0007D6F3 18974 0001:0007D704 18975 0001:0007D70E
 18977 0001:0007D715 18978 0001:0007D71F 18979 0001:0007D729 18981 0001:0007D733
 18983 0001:0007D738 18986 0001:0007D741 18989 0001:0007D746 18991 0001:0007D754
 18992 0001:0007D75B 18996 0001:0007D760 18997 0001:0007D771 18999 0001:0007D782
 19000 0001:0007D79B 19001 0001:0007D7A4 19003 0001:0007D7AC 19041 0001:0007D7BF
 19043 0001:0007D7C4 19044 0001:0007D7D5 19045 0001:0007D7E6 19046 0001:0007D7F7
 19047 0001:0007D808 19053 0001:0007D819 19054 0001:0007D820 19055 0001:0007D82C
 19056 0001:0007D833 19057 0001:0007D83A 19058 0001:0007D844 19059 0001:0007D84B
 19060 0001:0007D852 19063 0001:0007D874 19064 0001:0007D887 19066 0001:0007D895
 19067 0001:0007D89E 19068 0001:0007D8A6 19071 0001:0007D8AE 19072 0001:0007D8B3
 19073 0001:0007D8BD 19074 0001:0007D8C7 19076 0001:0007D8D8 19077 0001:0007D8E9
 19078 0001:0007D8EE 19079 0001:0007D8F5 19080 0001:0007D8FF 19081 0001:0007D906
 19082 0001:0007D90D 19083 0001:0007D914 19084 0001:0007D91B 19085 0001:0007D922
 19087 0001:0007D929 19088 0001:0007D930 19089 0001:0007D937 19091 0001:0007D93E
 19093 0001:0007D945 19096 0001:0007D94D 19098 0001:0007D957 19100 0001:0007D971
 19101 0001:0007D97D 19102 0001:0007D988 19103 0001:0007D994 19105 0001:0007D99F
 19108 0001:0007D9A4 19114 0001:0007D9F1 19120 0001:0007DA3E 19126 0001:0007DA8B
 19127 0001:0007DAA0 19129 0001:0007DAA9 19143 0001:0007DAC2 19149 0001:0007DB0F
 19155 0001:0007DB5C 19161 0001:0007DBA9 19162 0001:0007DBB2 19164 0001:0007DBB7
 19165 0001:0007DBC0 19167 0001:0007DBC5 19169 0001:0007DBD3 19170 0001:0007DBD8
 19174 0001:0007DC02 19176 0001:0007DC0F 19179 0001:0007DC23 19180 0001:0007DC2C
 19182 0001:0007DC54 19186 0001:0007DC90 19190 0001:0007DC97 19192 0001:0007DCA0
 19193 0001:0007DCA5 19197 0001:0007DCD4 19204 0001:0007DDA8 19205 0001:0007DDBC
 19206 0001:0007DDCA 19208 0001:0007DDDD 19209 0001:0007DDE7 19211 0001:0007DDF1
 19212 0001:0007DE04 19214 0001:0007DE0B 19215 0001:0007DE15 19216 0001:0007DE1C
 19217 0001:0007DE26 19218 0001:0007DE2D 19219 0001:0007DE37 19220 0001:0007DE3E
 19221 0001:0007DE48 19222 0001:0007DE4F 19223 0001:0007DE59 19225 0001:0007DE60
 19226 0001:0007DE65 19228 0001:0007DE70 19230 0001:0007DE82 19231 0001:0007DE8F
 19233 0001:0007DE9C 19235 0001:0007DEA5 19236 0001:0007DEB8 19241 0001:0007DEBF
 19242 0001:0007DEC8 19244 0001:0007DED7 19245 0001:0007DEE1 19246 0001:0007DEE8
 19247 0001:0007DEF2 19248 0001:0007DEF9 19249 0001:0007DF03 19251 0001:0007DF0A
 19252 0001:0007DF14 19253 0001:0007DF1E 19254 0001:0007DF28 19255 0001:0007DF32
 19258 0001:0007DF39 19260 0001:0007DF42 19261 0001:0007DF4E 19262 0001:0007DF58
 19265 0001:0007DF6B 19266 0001:0007DF75 19267 0001:0007DF7C 19268 0001:0007DF86
 19269 0001:0007DF8D 19270 0001:0007DF97 19272 0001:0007DF9E 19273 0001:0007DFAE
 19274 0001:0007DFBF 19275 0001:0007DFCF 19277 0001:0007DFE0 19278 0001:0007DFEF
 19285 0001:0007DFF6 19287 0001:0007DFFF 19288 0001:0007E00A 19289 0001:0007E014
 19290 0001:0007E01E 19298 0001:0007E025 19299 0001:0007E02A 19301 0001:0007E03E
 19302 0001:0007E048 19303 0001:0007E04F 19305 0001:0007E07E 19352 0001:0007E084
 19354 0001:0007E097 19355 0001:0007E09C 19356 0001:0007E0A3 19358 0001:0007E0A7
 19359 0001:0007E0B4 19361 0001:0007E0DF 19370 0001:0007E128 19381 0001:0007E13C
 19382 0001:0007E168 19384 0001:0007E2D8 19374 0001:0007E2F8 19375 0001:0007E31C
 19376 0001:0007E32B 19377 0001:0007E330 19378 0001:0007E33F 19380 0001:0007E359

Line numbers for CommCtrl(CommCtrl.pas) segment .text

  7328 0001:00087750  7332 0001:00087758  7334 0001:00087761  7335 0001:00087770
  7336 0001:00087779  7338 0001:0008778E  7341 0001:000877B8  7342 0001:000877BB
  7343 0001:000877C9  7344 0001:000877E7  7356 0001:000877EC  7357 0001:000877F4
  7358 0001:000877FC  7360 0001:00087804  7361 0001:0008780C  7362 0001:00087814
  7363 0001:0008781C  7368 0001:00087824  7369 0001:0008782D  7373 0001:00087830
  7374 0001:00087833  7376 0001:00087834  7380 0001:0008783C  7382 0001:00087844
  7388 0001:0008784C  7389 0001:00087854  7390 0001:0008785C  7391 0001:00087864
  7392 0001:0008786C  7393 0001:00087874  7394 0001:0008787C  7395 0001:00087884
  7416 0001:0008788C  7417 0001:00087894  7419 0001:0008789C  7420 0001:000878A4
  7551 0001:000878AC  7552 0001:000878B2  7553 0001:000878C0  7561 0001:000878C4
  7562 0001:000878CD  7563 0001:000878DA  7567 0001:000878E0  7568 0001:000878EF
  7572 0001:000878F0  7573 0001:000878F3  7576 0001:000878F4  7577 0001:000878FA
  7578 0001:00087908  7589 0001:0008790C  7590 0001:00087912  7591 0001:00087920
  7602 0001:00087924  7603 0001:0008792A  7604 0001:00087938  7615 0001:0008793C
  7616 0001:00087942  7617 0001:00087950  7620 0001:00087954  7621 0001:00087957
  7622 0001:00087966  7635 0001:00087968  7636 0001:00087971  7637 0001:00087987
  7642 0001:0008798C  7643 0001:00087999  7657 0001:0008799C  7658 0001:000879A8
  7660 0001:000879AC  7661 0001:000879B1  7664 0001:000879C0  7665 0001:000879CE
  7693 0001:000879D8  7694 0001:000879E6  7708 0001:000879E8  7709 0001:000879F1
  7710 0001:000879FE  7713 0001:00087A04  7714 0001:00087A0A  7715 0001:00087A18
  7731 0001:00087A1C  7732 0001:00087A1F  7733 0001:00087A2E  7749 0001:00087A30
  7750 0001:00087A39  7751 0001:00087A46  7763 0001:00087A4C  7764 0001:00087A59
  7775 0001:00087A5C  7776 0001:00087A62  7777 0001:00087A70  7780 0001:00087A74
  7781 0001:00087A7A  7782 0001:00087A88  7785 0001:00087A8C  7786 0001:00087A95
  7788 0001:00087AAB  7797 0001:00087AB0  7798 0001:00087AB9  7800 0001:00087AC6
  7813 0001:00087ACC  7814 0001:00087AD2  7815 0001:00087AE0  7823 0001:00087AE4
  7824 0001:00087AEA  7825 0001:00087AF8  7829 0001:00087AFC  7830 0001:00087B0B
  7838 0001:00087B0C  7839 0001:00087B12  7840 0001:00087B20  7843 0001:00087B24
  7844 0001:00087B2A  7845 0001:00087B41  7850 0001:00087B44  7851 0001:00087B50
  7852 0001:00087B56  7853 0001:00087B59  7854 0001:00087B69  7858 0001:00087B74
  7859 0001:00087B81  7862 0001:00087B84  7863 0001:00087B8A  7864 0001:00087B9F
  7869 0001:00087BA4  7870 0001:00087BA7  7871 0001:00087BAF  7872 0001:00087BBA
  7873 0001:00087BC9  7910 0001:00087BD0  7911 0001:00087BDC  7912 0001:00087BDF
  7913 0001:00087BE5  7914 0001:00087BF5  7936 0001:00087C00  7937 0001:00087C0E
  7941 0001:00087C10  7942 0001:00087C1D  7946 0001:00087C20  7947 0001:00087C29
  7949 0001:00087C36  7962 0001:00087C3C  7963 0001:00087C4B  7992 0001:00087C4C
  7993 0001:00087C52  7994 0001:00087C60  8019 0001:00087C64  8020 0001:00087C6D
  8022 0001:00087C7A  8026 0001:00087C80  8027 0001:00087C89  8029 0001:00087C96
  8059 0001:00087C9C  8060 0001:00087CA5  8061 0001:00087CB2  8080 0001:00087CB8
  8081 0001:00087CC6  8085 0001:00087CC8  8086 0001:00087CD7  8860 0001:00087D08
  8860 0001:00087D0F

Line numbers for MultiMon(MultiMon.pas) segment .text

   211 0001:00087D10   212 0001:00087D34   213 0001:00087D36   215 0001:00087D43
   217 0001:00087D4C   219 0001:00087D59   220 0001:00087D70   221 0001:00087D79
   223 0001:00087D81   224 0001:00087D99   225 0001:00087D9B   226 0001:00087D9F
   227 0001:00087DA3   228 0001:00087DA7   229 0001:00087DAE   231 0001:00087DD8
   234 0001:00087DF8   235 0001:00087DFF   237 0001:00087E08   238 0001:00087E1F
   239 0001:00087E26   242 0001:00087E28   243 0001:00087E2B   246 0001:00087E40
   249 0001:00087E47   251 0001:00087E4B   253 0001:00087E4F   255 0001:00087E54
   256 0001:00087E59   257 0001:00087E5F   260 0001:00087E80   261 0001:00087E8C
   263 0001:00087E95   264 0001:00087EAC   265 0001:00087EB6   268 0001:00087EB8
   269 0001:00087EBA   274 0001:00087EE8   275 0001:00087EEF   280 0001:00087F10
   281 0001:00087F1E   283 0001:00087F27   284 0001:00087F3E   285 0001:00087F46
   288 0001:00087F48   289 0001:00087F51   292 0001:00087F58   293 0001:00087F62
   295 0001:00087F6E   296 0001:00087F78   298 0001:00087F82   301 0001:00087FA8
   302 0001:00087FB1   304 0001:00087FBA   305 0001:00087FD1   306 0001:00087FE0
   309 0001:00087FE2   310 0001:00087FE4   315 0001:00088013   316 0001:0008801A
   321 0001:00088040   322 0001:0008804F   324 0001:00088058   325 0001:0008806F
   326 0001:00088079   329 0001:0008807B   330 0001:0008807D   334 0001:000880A1
   335 0001:000880A6   336 0001:000880AB   337 0001:000880B6   338 0001:000880C1
   339 0001:000880CD   340 0001:000880D4   341 0001:000880D9   342 0001:000880E7
   344 0001:000880EB   348 0001:00088114   349 0001:00088123   351 0001:0008812C
   352 0001:00088143   353 0001:0008814D   356 0001:0008814F   357 0001:00088151
   361 0001:00088175   362 0001:0008817A   363 0001:0008817F   364 0001:0008818A
   365 0001:00088195   366 0001:000881A1   367 0001:000881A8   368 0001:000881AD
   369 0001:000881BB   371 0001:000881BF   375 0001:000881E8   376 0001:000881F7
   378 0001:00088200   379 0001:00088217   380 0001:00088221   383 0001:00088223
   384 0001:00088225   388 0001:00088249   389 0001:0008824E   390 0001:00088253
   391 0001:0008825E   392 0001:00088269   393 0001:00088275   394 0001:0008827C
   395 0001:00088281   396 0001:0008828F   398 0001:00088293   406 0001:000882BC
   407 0001:000882CB   409 0001:000882D4   410 0001:000882EB   411 0001:000882FD
   414 0001:00088302   415 0001:00088304   417 0001:0008830E   418 0001:00088313
   419 0001:00088318   420 0001:00088323   422 0001:0008832E   424 0001:00088332
   425 0001:0008833F   426 0001:0008834D   427 0001:00088362   431 0001:0008838D
   432 0001:00088395   435 0001:00088397   438 0001:000883AD   439 0001:000883AF
   441 0001:000883B1   442 0001:000883C6   446 0001:000883EC   447 0001:000883FB
   448 0001:00088405   449 0001:0008840F   450 0001:00088419   451 0001:00088423
   452 0001:0008842D   453 0001:00088437   454 0001:00088441   455 0001:0008844B
   457 0001:00088488   458 0001:00088491   460 0001:00088496

Line numbers for Imm(Imm.pas) segment .text

   888 0001:000884C8   888 0001:000884CF

Line numbers for WinSpool(WinSpool.pas) segment .text

  1874 0001:000894F8  1874 0001:000894FF

Line numbers for FlatSB(FlatSB.pas) segment .text

    74 0001:00089544    75 0001:00089547    77 0001:00089574    80 0001:00089578
    81 0001:0008957B    82 0001:0008959C    99 0001:000895A0   104 0001:000895A2
   106 0001:000895AE   108 0001:000895B6   109 0001:000895C6   110 0001:000895D6
   111 0001:000895E6   112 0001:000895F6   113 0001:00089609   114 0001:0008960D
   115 0001:00089617   116 0001:0008962A   117 0001:0008962E   118 0001:00089638
   119 0001:0008964B   120 0001:0008964F   121 0001:00089659   122 0001:0008966C
   123 0001:00089670   124 0001:0008967A   125 0001:0008968D   126 0001:00089691
   127 0001:0008969B   128 0001:000896AE   129 0001:000896B2   130 0001:000896BC
   131 0001:000896CF   132 0001:000896D3   133 0001:000896DD   134 0001:000896F0
   135 0001:000896F4   137 0001:000896FE   139 0001:00089854   140 0001:0008985D
   142 0001:00089862

Line numbers for UxTheme(UxTheme.pas) segment .text

  2445 0001:00089A08  2446 0001:00089A0B  2447 0001:00089A15  2448 0001:00089A23
  2449 0001:00089A2C  2451 0001:00089A32  2453 0001:00089A4C  2454 0001:00089A57
  2456 0001:00089A5E  2457 0001:00089A65  2458 0001:00089A6C  2459 0001:00089A73
  2460 0001:00089A7A  2461 0001:00089A81  2462 0001:00089A88  2463 0001:00089A8F
  2464 0001:00089A96  2465 0001:00089A9D  2466 0001:00089AA4  2467 0001:00089AAB
  2468 0001:00089AB2  2469 0001:00089AB9  2470 0001:00089AC0  2471 0001:00089AC7
  2472 0001:00089ACE  2473 0001:00089AD5  2474 0001:00089ADC  2475 0001:00089AE3
  2476 0001:00089AEA  2477 0001:00089AF1  2478 0001:00089AF8  2479 0001:00089AFF
  2480 0001:00089B06  2481 0001:00089B0D  2482 0001:00089B14  2483 0001:00089B1B
  2484 0001:00089B22  2485 0001:00089B29  2486 0001:00089B30  2487 0001:00089B37
  2488 0001:00089B3E  2489 0001:00089B45  2490 0001:00089B4C  2491 0001:00089B53
  2492 0001:00089B5A  2493 0001:00089B61  2494 0001:00089B68  2495 0001:00089B6F
  2496 0001:00089B76  2497 0001:00089B7D  2498 0001:00089B84  2499 0001:00089B8B
  2500 0001:00089B92  2501 0001:00089B99  2502 0001:00089BA0  2505 0001:00089BB4
  2507 0001:00089BC6  2510 0001:00089BC8  2511 0001:00089BD2  2512 0001:00089BDC
  2513 0001:00089BEA  2515 0001:00089BF0  2517 0001:00089BF9  2518 0001:00089C05
  2520 0001:00089C0E  2521 0001:00089C20  2522 0001:00089C32  2523 0001:00089C44
  2524 0001:00089C56  2525 0001:00089C68  2526 0001:00089C7A  2527 0001:00089C8C
  2528 0001:00089C9E  2529 0001:00089CB0  2530 0001:00089CC2  2531 0001:00089CD4
  2532 0001:00089CE6  2533 0001:00089CF8  2534 0001:00089D0A  2535 0001:00089D1C
  2536 0001:00089D2E  2537 0001:00089D40  2538 0001:00089D52  2539 0001:00089D64
  2540 0001:00089D76  2541 0001:00089D88  2542 0001:00089D9A  2543 0001:00089DAC
  2544 0001:00089DBE  2545 0001:00089DD0  2546 0001:00089DE2  2547 0001:00089DF4
  2548 0001:00089E06  2549 0001:00089E18  2550 0001:00089E2A  2551 0001:00089E3C
  2552 0001:00089E4E  2553 0001:00089E60  2554 0001:00089E72  2555 0001:00089E84
  2556 0001:00089E96  2557 0001:00089EA8  2558 0001:00089EBA  2559 0001:00089ECC
  2560 0001:00089EDE  2561 0001:00089EF0  2562 0001:00089F02  2563 0001:00089F14
  2564 0001:00089F26  2565 0001:00089F38  2566 0001:00089F4A  2569 0001:00089F5C
  2571 0001:00089F70  2573 0001:00089F85  2577 0001:0008A32C  2578 0001:0008A335
  2580 0001:0008A350  2581 0001:0008A352  2586 0001:0008A354  2587 0001:0008A376
  2586 0001:0008A37B  2588 0001:0008A384  2589 0001:0008A3A3  2583 0001:0008A3A8
  2584 0001:0008A3B1  2585 0001:0008A3C2

Line numbers for RichEdit(RichEdit.pas) segment .text

  1206 0001:0008A3F4  1206 0001:0008A3FB

Line numbers for RegStr(RegStr.pas) segment .text

  1870 0001:0008A464  1870 0001:0008A46B

Line numbers for WinInet(WinInet.pas) segment .text

  3051 0001:0008A49C  3051 0001:0008A4A3

Line numbers for UrlMon(UrlMon.pas) segment .text

  1884 0001:0008A4D4  1884 0001:0008A4DB

Line numbers for ShlObj(ShlObj.pas) segment .text

  3559 0001:0008A540  3559 0001:0008A547

Line numbers for CommDlg(CommDlg.pas) segment .text

  1044 0001:0008A578  1044 0001:0008A57F

Line numbers for Dlgs(Dlgs.pas) segment .text

   396 0001:0008A5B0   396 0001:0008A5B7

Line numbers for Mapi(Mapi.pas) segment .text

   596 0001:0008E730   597 0001:0008E77C   594 0001:0008E780   595 0001:0008E787

Line numbers for WinSock(Winsock.pas) segment .text

  1118 0001:000CDFBC  1119 0001:000CDFC4  1122 0001:000CDFCC  1133 0001:000CDFD4
  1156 0001:000CDFDC  1157 0001:000CDFE4  1164 0001:000CE01C  1164 0001:000CE023

Line numbers for Unit1(Unit1.pas) segment .text

    91 0001:000CE3D0    92 0001:000CE3EA    94 0001:000CE3F8    95 0001:000CE408
    96 0001:000CE40B    98 0001:000CE428    99 0001:000CE42D   102 0001:000CE43F
   103 0001:000CE461   106 0001:000CE474   107 0001:000CE48E   109 0001:000CE49C
   110 0001:000CE4AC   111 0001:000CE4AF   113 0001:000CE4CC   114 0001:000CE4D1
   118 0001:000CE4E3   119 0001:000CE505   122 0001:000CE518   123 0001:000CE51E
   125 0001:000CE52C   126 0001:000CE538   128 0001:000CE54A   129 0001:000CE54F
   132 0001:000CE554   133 0001:000CE55C   134 0001:000CE56A   135 0001:000CE57A
   136 0001:000CE58A   137 0001:000CE59A   138 0001:000CE5A7   140 0001:000CE5C3
   141 0001:000CE5C8   149 0001:000CE5D0   150 0001:000CE5F7   151 0001:000CE5F9
   152 0001:000CE5FB   154 0001:000CE605   158 0001:000CE638   159 0001:000CE647
   161 0001:000CE64B   162 0001:000CE65F   164 0001:000CE67B   165 0001:000CE694
   166 0001:000CE695   167 0001:000CE6A4   159 0001:000CE6C4   170 0001:000CE6C8
   174 0001:000CE6CD   175 0001:000CE6F3   179 0001:000CE708   181 0001:000CE726
   184 0001:000CE79A   187 0001:000CE7A9   188 0001:000CE7D8   192 0001:000CE7E0
   195 0001:000CE7FE   198 0001:000CE872   201 0001:000CE881   203 0001:000CE8B0
   211 0001:000CE8B8   212 0001:000CE8D6   213 0001:000CE8E4   214 0001:000CE8F2
   215 0001:000CE900   216 0001:000CE902   217 0001:000CE91B   219 0001:000CE929
   221 0001:000CE93A   222 0001:000CE944   223 0001:000CE945   219 0001:000CE946
   224 0001:000CE949   226 0001:000CE94E   227 0001:000CE961   228 0001:000CE96F
   230 0001:000CE97C   232 0001:000CE981   233 0001:000CE994   234 0001:000CE9A2
   236 0001:000CE9AF   238 0001:000CE9B1   240 0001:000CE9C2   241 0001:000CE9CC
   242 0001:000CE9CD   238 0001:000CE9CE   243 0001:000CE9D1   245 0001:000CE9D6
   246 0001:000CE9E9   247 0001:000CE9F7   249 0001:000CEA04   251 0001:000CEA09
   252 0001:000CEA1C   253 0001:000CEA2A   255 0001:000CEA37   257 0001:000CEA3D
   258 0001:000CEA50   259 0001:000CEA5D   260 0001:000CEA6B   262 0001:000CEA78
   264 0001:000CEA9C   265 0001:000CEAB2   267 0001:000CEAC9   269 0001:000CEACE
   270 0001:000CEAE1   271 0001:000CEAEE   272 0001:000CEAFC   276 0001:000CEB09
   277 0001:000CEB0F   278 0001:000CEB14   280 0001:000CEB27   282 0001:000CEB2F
   283 0001:000CEB42   284 0001:000CEB4F   285 0001:000CEB5C   286 0001:000CEB6A
   288 0001:000CEB77   289 0001:000CEB84   290 0001:000CEB91   291 0001:000CEB9E
   292 0001:000CEBAB   293 0001:000CEBB8   296 0001:000CEBC6   300 0001:000CEBD4
   301 0001:000CEBDA   302 0001:000CEBDD   303 0001:000CEBE3   304 0001:000CEBEC
   305 0001:000CEBF5   306 0001:000CEBFE   307 0001:000CEC07   308 0001:000CEC10
   309 0001:000CEC19   310 0001:000CEC2C   315 0001:000CEC33   317 0001:000CEC41
   318 0001:000CEC54   320 0001:000CEC64   322 0001:000CEC72   323 0001:000CEC85
   327 0001:000CECAE   329 0001:000CECB0   332 0001:000CECFF   337 0001:000CEDD0
   339 0001:000CEDE2   341 0001:000CEDEB   342 0001:000CEE06   348 0001:000CEE0C
   350 0001:000CEE14   351 0001:000CEE22   352 0001:000CEE25   358 0001:000CEE30
   357 0001:000CEE37   360 0001:000CEE3F   361 0001:000CEE4D   362 0001:000CEE53
   363 0001:000CEE5D   364 0001:000CEE63   365 0001:000CEE66   366 0001:000CEE69
   367 0001:000CEE6E   369 0001:000CEE73   353 0001:000CEE83   372 0001:000CEE8D
   371 0001:000CEE94   374 0001:000CEE9A   376 0001:000CEE9F   380 0001:000CEEB4
   383 0001:000CEEC7   384 0001:000CEED1   385 0001:000CEEDB   386 0001:000CEEE6
   387 0001:000CEEF0   388 0001:000CEEFA   389 0001:000CEF04   390 0001:000CEF0B
   392 0001:000CEF22   393 0001:000CEF27   397 0001:000CEF90   398 0001:000CEF93
   403 0001:000CEF94   404 0001:000CEFA6   405 0001:000CEFAF   406 0001:000CEFCA
   416 0001:000CEFD0   418 0001:000CEFF7   419 0001:000CF005   420 0001:000CF011
   421 0001:000CF023   422 0001:000CF033   428 0001:000CF03D   429 0001:000CF04E
   430 0001:000CF05F   432 0001:000CF06E   433 0001:000CF072   435 0001:000CF08F
   436 0001:000CF09C   438 0001:000CF0B0   439 0001:000CF0DD   443 0001:000CF0F8
   444 0001:000CF0FE   445 0001:000CF108   449 0001:000CF10C   450 0001:000CF10F
   451 0001:000CF115   454 0001:000CF11C   456 0001:000CF13A   459 0001:000CF1AE
   462 0001:000CF1BD   464 0001:000CF1EC   466 0001:000CF224   466 0001:000CF22B

Line numbers for Project1(E:\Rahul\myIpScanner\Project1.dpr) segment .text

    10 0001:000CF554    11 0001:000CF564    12 0001:000CF570    13 0001:000CF588
    14 0001:000CF594

Bound resource files

C:\Program Files (x86)\EurekaLab\EurekaLog 6\Delphi7\DIALOG.RES
c:\program files (x86)\borland\delphi7\Lib\Buttons.res
c:\program files (x86)\borland\delphi7\Lib\ExtDlgs.res
c:\program files (x86)\borland\delphi7\Lib\Controls.res
c:\program files (x86)\borland\delphi7\Lib\DBLogDlg.dfm
c:\program files (x86)\borland\delphi7\Lib\DBPWDlg.dfm
c:\program files (x86)\borland\delphi7\Lib\DBCtrls.res
c:\program files (x86)\borland\delphi7\Lib\DBGrids.res
Unit1.dfm
Project1.res
Project1.drf


Program entry point at 0001:000CF554
